Copyright 1986-2022 Xilinx, Inc. All Rights Reserved. Copyright 2022-2026 Advanced Micro Devices, Inc. All Rights Reserved.
--------------------------------------------------------------------------------------------------------------------------------------------------------
| Tool Version : Vivado v.2025.2.1 (win64) Build 6403652 Thu Mar 19 19:48:24 GMT 2026
| Date         : Sat Jun 13 14:14:29 2026
| Host         : Nevgi running 64-bit major release  (build 9200)
| Command      : report_timing_summary -file C:/fpga_projects/adaptive-gs-mimo-detector/results/phase8_zedboard_demo/clk_20p000ns/timing_post_route.rpt
| Design       : zedboard_mimo_demo_top
| Device       : 7z020-clg484
| Speed File   : -1  PRODUCTION 1.12 2019-11-22
| Design State : Routed
--------------------------------------------------------------------------------------------------------------------------------------------------------

Timing Summary Report

------------------------------------------------------------------------------------------------
| Timer Settings
| --------------
------------------------------------------------------------------------------------------------

  Enable Multi Corner Analysis               :  Yes
  Enable Pessimism Removal                   :  Yes
  Pessimism Removal Resolution               :  Nearest Common Node
  Enable Input Delay Default Clock           :  No
  Enable Preset / Clear Arcs                 :  No
  Disable Flight Delays                      :  No
  Ignore I/O Paths                           :  No
  Timing Early Launch at Borrowing Latches   :  No
  Borrow Time for Max Delay Exceptions       :  Yes
  Merge Timing Exceptions                    :  Yes
  Inter-SLR Compensation                     :  Conservative

  Corner  Analyze    Analyze    
  Name    Max Paths  Min Paths  
  ------  ---------  ---------  
  Slow    Yes        Yes        
  Fast    Yes        Yes        


------------------------------------------------------------------------------------------------
| Report Methodology
| ------------------
------------------------------------------------------------------------------------------------

No report available as report_methodology has not been run prior. Run report_methodology on the current design for the summary of methodology violations.



check_timing report

Table of Contents
-----------------
1. checking no_clock (0)
2. checking constant_clock (0)
3. checking pulse_width_clock (0)
4. checking unconstrained_internal_endpoints (0)
5. checking no_input_delay (4)
6. checking no_output_delay (8)
7. checking multiple_clock (0)
8. checking generated_clocks (0)
9. checking loops (0)
10. checking partial_input_delay (0)
11. checking partial_output_delay (0)
12. checking latch_loops (0)

1. checking no_clock (0)
------------------------
 There are 0 register/latch pins with no clock.


2. checking constant_clock (0)
------------------------------
 There are 0 register/latch pins with constant_clock.


3. checking pulse_width_clock (0)
---------------------------------
 There are 0 register/latch pins which need pulse_width check


4. checking unconstrained_internal_endpoints (0)
------------------------------------------------
 There are 0 pins that are not constrained for maximum delay.

 There are 0 pins that are not constrained for maximum delay due to constant clock.


5. checking no_input_delay (4)
------------------------------
 There are 4 input ports with no input delay specified. (HIGH)

 There are 0 input ports with no input delay but user has a false path constraint.


6. checking no_output_delay (8)
-------------------------------
 There are 8 ports with no output delay specified. (HIGH)

 There are 0 ports with no output delay but user has a false path constraint

 There are 0 ports with no output delay but with a timing clock defined on it or propagating through it


7. checking multiple_clock (0)
------------------------------
 There are 0 register/latch pins with multiple clocks.


8. checking generated_clocks (0)
--------------------------------
 There are 0 generated clocks that are not connected to a clock source.


9. checking loops (0)
---------------------
 There are 0 combinational loops in the design.


10. checking partial_input_delay (0)
------------------------------------
 There are 0 input ports with partial input delay specified.


11. checking partial_output_delay (0)
-------------------------------------
 There are 0 ports with partial output delay specified.


12. checking latch_loops (0)
----------------------------
 There are 0 combinational latch loops in the design through latch input



------------------------------------------------------------------------------------------------
| Design Timing Summary
| ---------------------
------------------------------------------------------------------------------------------------

    WNS(ns)      TNS(ns)  TNS Failing Endpoints  TNS Total Endpoints      WHS(ns)      THS(ns)  THS Failing Endpoints  THS Total Endpoints     WPWS(ns)     TPWS(ns)  TPWS Failing Endpoints  TPWS Total Endpoints  
    -------      -------  ---------------------  -------------------      -------      -------  ---------------------  -------------------     --------     --------  ----------------------  --------------------  
      3.281        0.000                      0                 6829        0.122        0.000                      0                 6829        3.000        0.000                       0                  2338  


All user specified timing constraints are met.


------------------------------------------------------------------------------------------------
| Clock Summary
| -------------
------------------------------------------------------------------------------------------------

Clock           Waveform(ns)       Period(ns)      Frequency(MHz)
-----           ------------       ----------      --------------
zedboard_gclk   {0.000 5.000}      10.000          100.000         
  clk_50_unbuf  {0.000 10.000}     20.000          50.000          
  clk_feedback  {0.000 5.000}      10.000          100.000         


------------------------------------------------------------------------------------------------
| Intra Clock Table
| -----------------
------------------------------------------------------------------------------------------------

Clock               WNS(ns)      TNS(ns)  TNS Failing Endpoints  TNS Total Endpoints      WHS(ns)      THS(ns)  THS Failing Endpoints  THS Total Endpoints     WPWS(ns)     TPWS(ns)  TPWS Failing Endpoints  TPWS Total Endpoints  
-----               -------      -------  ---------------------  -------------------      -------      -------  ---------------------  -------------------     --------     --------  ----------------------  --------------------  
zedboard_gclk                                                                                                                                                     3.000        0.000                       0                     1  
  clk_50_unbuf        3.281        0.000                      0                 4500        0.122        0.000                      0                 4500        9.500        0.000                       0                  2334  
  clk_feedback                                                                                                                                                    7.845        0.000                       0                     3  


------------------------------------------------------------------------------------------------
| Inter Clock Table
| -----------------
------------------------------------------------------------------------------------------------

From Clock    To Clock          WNS(ns)      TNS(ns)  TNS Failing Endpoints  TNS Total Endpoints      WHS(ns)      THS(ns)  THS Failing Endpoints  THS Total Endpoints  
----------    --------          -------      -------  ---------------------  -------------------      -------      -------  ---------------------  -------------------  


------------------------------------------------------------------------------------------------
| Other Path Groups Table
| -----------------------
------------------------------------------------------------------------------------------------

Path Group         From Clock         To Clock               WNS(ns)      TNS(ns)  TNS Failing Endpoints  TNS Total Endpoints      WHS(ns)      THS(ns)  THS Failing Endpoints  THS Total Endpoints  
----------         ----------         --------               -------      -------  ---------------------  -------------------      -------      -------  ---------------------  -------------------  
**async_default**  clk_50_unbuf       clk_50_unbuf             7.825        0.000                      0                 2329        0.479        0.000                      0                 2329  


------------------------------------------------------------------------------------------------
| Timing Details
| --------------
------------------------------------------------------------------------------------------------


---------------------------------------------------------------------------------------------------
From Clock:  zedboard_gclk
  To Clock:  zedboard_gclk

Setup :           NA  Failing Endpoints,  Worst Slack           NA  ,  Total Violation           NA
Hold  :           NA  Failing Endpoints,  Worst Slack           NA  ,  Total Violation           NA
PW    :            0  Failing Endpoints,  Worst Slack        3.000ns,  Total Violation        0.000ns
---------------------------------------------------------------------------------------------------


Pulse Width Checks
--------------------------------------------------------------------------------------
Clock Name:         zedboard_gclk
Waveform(ns):       { 0.000 5.000 }
Period(ns):         10.000
Sources:            { clk }

Check Type        Corner  Lib Pin            Reference Pin  Required(ns)  Actual(ns)  Slack(ns)  Location         Pin
Min Period        n/a     MMCME2_ADV/CLKIN1  n/a            1.249         10.000      8.751      MMCME2_ADV_X0Y0  u_mmcm_100_to_50/CLKIN1
Max Period        n/a     MMCME2_ADV/CLKIN1  n/a            100.000       10.000      90.000     MMCME2_ADV_X0Y0  u_mmcm_100_to_50/CLKIN1
Low Pulse Width   Slow    MMCME2_ADV/CLKIN1  n/a            2.000         5.000       3.000      MMCME2_ADV_X0Y0  u_mmcm_100_to_50/CLKIN1
High Pulse Width  Slow    MMCME2_ADV/CLKIN1  n/a            2.000         5.000       3.000      MMCME2_ADV_X0Y0  u_mmcm_100_to_50/CLKIN1



---------------------------------------------------------------------------------------------------
From Clock:  clk_50_unbuf
  To Clock:  clk_50_unbuf

Setup :            0  Failing Endpoints,  Worst Slack        3.281ns,  Total Violation        0.000ns
Hold  :            0  Failing Endpoints,  Worst Slack        0.122ns,  Total Violation        0.000ns
PW    :            0  Failing Endpoints,  Worst Slack        9.500ns,  Total Violation        0.000ns
---------------------------------------------------------------------------------------------------


Max Delay Paths
--------------------------------------------------------------------------------------
Slack (MET) :             3.281ns  (required time - arrival time)
  Source:                 u_mimo_detector_top_seq/u_gs_solver_seq/j_idx_reg[0]/C
                            (rising edge-triggered cell FDCE clocked by clk_50_unbuf  {rise@0.000ns fall@10.000ns period=20.000ns})
  Destination:            u_mimo_detector_top_seq/u_gs_solver_seq/sum_re_reg[25]/D
                            (rising edge-triggered cell FDCE clocked by clk_50_unbuf  {rise@0.000ns fall@10.000ns period=20.000ns})
  Path Group:             clk_50_unbuf
  Path Type:              Setup (Max at Slow Process Corner)
  Requirement:            20.000ns  (clk_50_unbuf rise@20.000ns - clk_50_unbuf rise@0.000ns)
  Data Path Delay:        16.713ns  (logic 8.720ns (52.175%)  route 7.993ns (47.825%))
  Logic Levels:           17  (CARRY4=7 DSP48E1=1 LUT1=1 LUT2=3 LUT3=1 LUT4=2 LUT5=1 MUXF7=1)
  Clock Path Skew:        0.001ns (DCD - SCD + CPR)
    Destination Clock Delay (DCD):    -1.465ns = ( 18.535 - 20.000 ) 
    Source Clock Delay      (SCD):    -0.890ns
    Clock Pessimism Removal (CPR):    0.577ns
  Clock Uncertainty:      0.082ns  ((TSJ^2 + DJ^2)^1/2) / 2 + PE
    Total System Jitter     (TSJ):    0.071ns
    Discrete Jitter          (DJ):    0.147ns
    Phase Error              (PE):    0.000ns

    Location             Delay type                Incr(ns)  Path(ns)    Netlist Resource(s)
  -------------------------------------------------------------------    -------------------
                         (clock clk_50_unbuf rise edge)
                                                      0.000     0.000 r  
    Y9                                                0.000     0.000 r  clk (IN)
                         net (fo=0)                   0.000     0.000    clk
    Y9                   IBUF (Prop_ibuf_I_O)         1.490     1.490 r  u_clk_ibuf/O
                         net (fo=1, routed)           1.285     2.775    clk_ibuf
    MMCME2_ADV_X0Y0      MMCME2_ADV (Prop_mmcme2_adv_CLKIN1_CLKOUT0)
                                                     -7.343    -4.568 r  u_mmcm_100_to_50/CLKOUT0
                         net (fo=1, routed)           1.855    -2.713    clk_50_unbuf
    BUFGCTRL_X0Y0        BUFG (Prop_bufg_I_O)         0.101    -2.612 r  u_clk_50_buf/O
                         net (fo=2332, routed)        1.722    -0.890    u_mimo_detector_top_seq/u_gs_solver_seq/clk_50
    SLICE_X71Y16         FDCE                                         r  u_mimo_detector_top_seq/u_gs_solver_seq/j_idx_reg[0]/C
  -------------------------------------------------------------------    -------------------
    SLICE_X71Y16         FDCE (Prop_fdce_C_Q)         0.456    -0.434 r  u_mimo_detector_top_seq/u_gs_solver_seq/j_idx_reg[0]/Q
                         net (fo=10, routed)          0.622     0.188    u_mimo_detector_top_seq/u_gs_solver_seq/j_idx[0]
    SLICE_X69Y16         LUT2 (Prop_lut2_I0_O)        0.150     0.338 r  u_mimo_detector_top_seq/u_gs_solver_seq/mult_wx_to_acc_return0_i_137/O
                         net (fo=128, routed)         1.208     1.546    u_mimo_detector_top_seq/u_gs_solver_seq/mult_wx_to_acc_return0_i_137_n_0
    SLICE_X80Y21         LUT4 (Prop_lut4_I0_O)        0.326     1.872 r  u_mimo_detector_top_seq/u_gs_solver_seq/mult_wx_to_acc_return0__0_i_270/O
                         net (fo=1, routed)           0.540     2.412    u_mimo_detector_top_seq/u_gs_solver_seq/mult_wx_to_acc_return0__0_i_270_n_0
    SLICE_X80Y21         LUT5 (Prop_lut5_I4_O)        0.124     2.536 f  u_mimo_detector_top_seq/u_gs_solver_seq/mult_wx_to_acc_return0__0_i_226/O
                         net (fo=1, routed)           0.000     2.536    u_mimo_detector_top_seq/u_gs_solver_seq/mult_wx_to_acc_return0__0_i_226_n_0
    SLICE_X80Y21         MUXF7 (Prop_muxf7_I1_O)      0.217     2.753 f  u_mimo_detector_top_seq/u_gs_solver_seq/mult_wx_to_acc_return0__0_i_121/O
                         net (fo=13, routed)          1.799     4.552    u_mimo_detector_top_seq/u_gs_solver_seq/mult_wx_to_acc_return0__0_i_121_n_0
    SLICE_X96Y12         LUT1 (Prop_lut1_I0_O)        0.327     4.879 r  u_mimo_detector_top_seq/u_gs_solver_seq/mult_wx_to_acc_return0__0_i_31/O
                         net (fo=2, routed)           0.425     5.304    u_mimo_detector_top_seq/u_gs_solver_seq/mult_wx_to_acc_return0__0_i_31_n_0
    DSP48_X3Y5           DSP48E1 (Prop_dsp48e1_A[8]_P[18])
                                                      4.065     9.369 r  u_mimo_detector_top_seq/u_gs_solver_seq/mult_wx_to_acc_return0__0/P[18]
                         net (fo=2, routed)           0.972    10.341    u_mimo_detector_top_seq/u_gs_solver_seq/mult_wx_to_acc_return0__0_n_87
    SLICE_X93Y8          LUT2 (Prop_lut2_I0_O)        0.124    10.465 r  u_mimo_detector_top_seq/u_gs_solver_seq/sum_re[11]_i_19/O
                         net (fo=1, routed)           0.000    10.465    u_mimo_detector_top_seq/u_gs_solver_seq/sum_re[11]_i_19_n_0
    SLICE_X93Y8          CARRY4 (Prop_carry4_S[1]_CO[3])
                                                      0.550    11.015 r  u_mimo_detector_top_seq/u_gs_solver_seq/sum_re_reg[11]_i_12/CO[3]
                         net (fo=1, routed)           0.000    11.015    u_mimo_detector_top_seq/u_gs_solver_seq/sum_re_reg[11]_i_12_n_0
    SLICE_X93Y9          CARRY4 (Prop_carry4_CI_O[1])
                                                      0.334    11.349 r  u_mimo_detector_top_seq/u_gs_solver_seq/sum_re_reg[15]_i_12/O[1]
                         net (fo=2, routed)           0.937    12.287    u_mimo_detector_top_seq/u_gs_solver_seq/mult_wx_to_acc_return00_out[5]
    SLICE_X90Y15         LUT3 (Prop_lut3_I2_O)        0.332    12.619 r  u_mimo_detector_top_seq/u_gs_solver_seq/sum_re[11]_i_3/O
                         net (fo=2, routed)           0.679    13.298    u_mimo_detector_top_seq/u_gs_solver_seq/sum_re[11]_i_3_n_0
    SLICE_X90Y15         LUT4 (Prop_lut4_I3_O)        0.331    13.629 r  u_mimo_detector_top_seq/u_gs_solver_seq/sum_re[11]_i_7/O
                         net (fo=1, routed)           0.000    13.629    u_mimo_detector_top_seq/u_gs_solver_seq/sum_re[11]_i_7_n_0
    SLICE_X90Y15         CARRY4 (Prop_carry4_S[3]_CO[3])
                                                      0.376    14.005 r  u_mimo_detector_top_seq/u_gs_solver_seq/sum_re_reg[11]_i_2/CO[3]
                         net (fo=1, routed)           0.000    14.005    u_mimo_detector_top_seq/u_gs_solver_seq/sum_re_reg[11]_i_2_n_0
    SLICE_X90Y16         CARRY4 (Prop_carry4_CI_CO[3])
                                                      0.117    14.122 r  u_mimo_detector_top_seq/u_gs_solver_seq/sum_re_reg[15]_i_2/CO[3]
                         net (fo=1, routed)           0.000    14.122    u_mimo_detector_top_seq/u_gs_solver_seq/sum_re_reg[15]_i_2_n_0
    SLICE_X90Y17         CARRY4 (Prop_carry4_CI_CO[3])
                                                      0.117    14.239 r  u_mimo_detector_top_seq/u_gs_solver_seq/sum_re_reg[19]_i_2/CO[3]
                         net (fo=1, routed)           0.000    14.239    u_mimo_detector_top_seq/u_gs_solver_seq/sum_re_reg[19]_i_2_n_0
    SLICE_X90Y18         CARRY4 (Prop_carry4_CI_CO[3])
                                                      0.117    14.356 r  u_mimo_detector_top_seq/u_gs_solver_seq/sum_re_reg[23]_i_2/CO[3]
                         net (fo=1, routed)           0.000    14.356    u_mimo_detector_top_seq/u_gs_solver_seq/sum_re_reg[23]_i_2_n_0
    SLICE_X90Y19         CARRY4 (Prop_carry4_CI_O[1])
                                                      0.323    14.679 r  u_mimo_detector_top_seq/u_gs_solver_seq/sum_re_reg[27]_i_4/O[1]
                         net (fo=1, routed)           0.810    15.489    u_mimo_detector_top_seq/u_gs_solver_seq/sum_re0[25]
    SLICE_X91Y20         LUT2 (Prop_lut2_I1_O)        0.334    15.823 r  u_mimo_detector_top_seq/u_gs_solver_seq/sum_re[25]_i_1/O
                         net (fo=1, routed)           0.000    15.823    u_mimo_detector_top_seq/u_gs_solver_seq/sum_re[25]_i_1_n_0
    SLICE_X91Y20         FDCE                                         r  u_mimo_detector_top_seq/u_gs_solver_seq/sum_re_reg[25]/D
  -------------------------------------------------------------------    -------------------

                         (clock clk_50_unbuf rise edge)
                                                     20.000    20.000 r  
    Y9                                                0.000    20.000 r  clk (IN)
                         net (fo=0)                   0.000    20.000    clk
    Y9                   IBUF (Prop_ibuf_I_O)         1.420    21.420 r  u_clk_ibuf/O
                         net (fo=1, routed)           1.162    22.582    clk_ibuf
    MMCME2_ADV_X0Y0      MMCME2_ADV (Prop_mmcme2_adv_CLKIN1_CLKOUT0)
                                                     -7.438    15.144 r  u_mmcm_100_to_50/CLKOUT0
                         net (fo=1, routed)           1.691    16.835    clk_50_unbuf
    BUFGCTRL_X0Y0        BUFG (Prop_bufg_I_O)         0.091    16.926 r  u_clk_50_buf/O
                         net (fo=2332, routed)        1.608    18.535    u_mimo_detector_top_seq/u_gs_solver_seq/clk_50
    SLICE_X91Y20         FDCE                                         r  u_mimo_detector_top_seq/u_gs_solver_seq/sum_re_reg[25]/C
                         clock pessimism              0.577    19.111    
                         clock uncertainty           -0.082    19.030    
    SLICE_X91Y20         FDCE (Setup_fdce_C_D)        0.075    19.105    u_mimo_detector_top_seq/u_gs_solver_seq/sum_re_reg[25]
  -------------------------------------------------------------------
                         required time                         19.105    
                         arrival time                         -15.823    
  -------------------------------------------------------------------
                         slack                                  3.281    





Min Delay Paths
--------------------------------------------------------------------------------------
Slack (MET) :             0.122ns  (arrival time - required time)
  Source:                 display_sw_sync_reg[0]/C
                            (rising edge-triggered cell FDCE clocked by clk_50_unbuf  {rise@0.000ns fall@10.000ns period=20.000ns})
  Destination:            display_sw_sync_reg[1]/D
                            (rising edge-triggered cell FDCE clocked by clk_50_unbuf  {rise@0.000ns fall@10.000ns period=20.000ns})
  Path Group:             clk_50_unbuf
  Path Type:              Hold (Min at Fast Process Corner)
  Requirement:            0.000ns  (clk_50_unbuf rise@0.000ns - clk_50_unbuf rise@0.000ns)
  Data Path Delay:        0.197ns  (logic 0.141ns (71.611%)  route 0.056ns (28.389%))
  Logic Levels:           0  
  Clock Path Skew:        0.000ns (DCD - SCD - CPR)
    Destination Clock Delay (DCD):    -0.847ns
    Source Clock Delay      (SCD):    -0.605ns
    Clock Pessimism Removal (CPR):    -0.242ns

    Location             Delay type                Incr(ns)  Path(ns)    Netlist Resource(s)
  -------------------------------------------------------------------    -------------------
                         (clock clk_50_unbuf rise edge)
                                                      0.000     0.000 r  
    Y9                                                0.000     0.000 r  clk (IN)
                         net (fo=0)                   0.000     0.000    clk
    Y9                   IBUF (Prop_ibuf_I_O)         0.258     0.258 r  u_clk_ibuf/O
                         net (fo=1, routed)           0.440     0.698    clk_ibuf
    MMCME2_ADV_X0Y0      MMCME2_ADV (Prop_mmcme2_adv_CLKIN1_CLKOUT0)
                                                     -2.421    -1.722 r  u_mmcm_100_to_50/CLKOUT0
                         net (fo=1, routed)           0.518    -1.204    clk_50_unbuf
    BUFGCTRL_X0Y0        BUFG (Prop_bufg_I_O)         0.026    -1.178 r  u_clk_50_buf/O
                         net (fo=2332, routed)        0.574    -0.605    clk_50
    SLICE_X75Y23         FDCE                                         r  display_sw_sync_reg[0]/C
  -------------------------------------------------------------------    -------------------
    SLICE_X75Y23         FDCE (Prop_fdce_C_Q)         0.141    -0.464 r  display_sw_sync_reg[0]/Q
                         net (fo=1, routed)           0.056    -0.408    display_sw_sync[0]
    SLICE_X75Y23         FDCE                                         r  display_sw_sync_reg[1]/D
  -------------------------------------------------------------------    -------------------

                         (clock clk_50_unbuf rise edge)
                                                      0.000     0.000 r  
    Y9                                                0.000     0.000 r  clk (IN)
                         net (fo=0)                   0.000     0.000    clk
    Y9                   IBUF (Prop_ibuf_I_O)         0.446     0.446 r  u_clk_ibuf/O
                         net (fo=1, routed)           0.480     0.926    clk_ibuf
    MMCME2_ADV_X0Y0      MMCME2_ADV (Prop_mmcme2_adv_CLKIN1_CLKOUT0)
                                                     -3.204    -2.278 r  u_mmcm_100_to_50/CLKOUT0
                         net (fo=1, routed)           0.564    -1.714    clk_50_unbuf
    BUFGCTRL_X0Y0        BUFG (Prop_bufg_I_O)         0.029    -1.685 r  u_clk_50_buf/O
                         net (fo=2332, routed)        0.838    -0.847    clk_50
    SLICE_X75Y23         FDCE                                         r  display_sw_sync_reg[1]/C
                         clock pessimism              0.242    -0.605    
    SLICE_X75Y23         FDCE (Hold_fdce_C_D)         0.075    -0.530    display_sw_sync_reg[1]
  -------------------------------------------------------------------
                         required time                          0.530    
                         arrival time                          -0.408    
  -------------------------------------------------------------------
                         slack                                  0.122    





Pulse Width Checks
--------------------------------------------------------------------------------------
Clock Name:         clk_50_unbuf
Waveform(ns):       { 0.000 10.000 }
Period(ns):         20.000
Sources:            { u_mmcm_100_to_50/CLKOUT0 }

Check Type        Corner  Lib Pin             Reference Pin  Required(ns)  Actual(ns)  Slack(ns)  Location         Pin
Min Period        n/a     BUFG/I              n/a            2.155         20.000      17.845     BUFGCTRL_X0Y0    u_clk_50_buf/I
Max Period        n/a     MMCME2_ADV/CLKOUT0  n/a            213.360       20.000      193.360    MMCME2_ADV_X0Y0  u_mmcm_100_to_50/CLKOUT0
Low Pulse Width   Slow    FDCE/C              n/a            0.500         10.000      9.500      SLICE_X72Y21     bits_latched_reg[0][0]/C
High Pulse Width  Slow    FDCE/C              n/a            0.500         10.000      9.500      SLICE_X72Y21     bits_latched_reg[0][0]/C



---------------------------------------------------------------------------------------------------
From Clock:  clk_feedback
  To Clock:  clk_feedback

Setup :           NA  Failing Endpoints,  Worst Slack           NA  ,  Total Violation           NA
Hold  :           NA  Failing Endpoints,  Worst Slack           NA  ,  Total Violation           NA
PW    :            0  Failing Endpoints,  Worst Slack        7.845ns,  Total Violation        0.000ns
---------------------------------------------------------------------------------------------------


Pulse Width Checks
--------------------------------------------------------------------------------------
Clock Name:         clk_feedback
Waveform(ns):       { 0.000 5.000 }
Period(ns):         10.000
Sources:            { u_mmcm_100_to_50/CLKFBOUT }

Check Type  Corner  Lib Pin             Reference Pin  Required(ns)  Actual(ns)  Slack(ns)  Location         Pin
Min Period  n/a     BUFG/I              n/a            2.155         10.000      7.845      BUFGCTRL_X0Y1    u_clk_feedback_buf/I
Max Period  n/a     MMCME2_ADV/CLKFBIN  n/a            100.000       10.000      90.000     MMCME2_ADV_X0Y0  u_mmcm_100_to_50/CLKFBIN



---------------------------------------------------------------------------------------------------
Path Group:  **async_default**
From Clock:  clk_50_unbuf
  To Clock:  clk_50_unbuf

Setup :            0  Failing Endpoints,  Worst Slack        7.825ns,  Total Violation        0.000ns
Hold  :            0  Failing Endpoints,  Worst Slack        0.479ns,  Total Violation        0.000ns
---------------------------------------------------------------------------------------------------


Max Delay Paths
--------------------------------------------------------------------------------------
Slack (MET) :             7.825ns  (required time - arrival time)
  Source:                 rst_sync_reg[2]/C
                            (rising edge-triggered cell FDPE clocked by clk_50_unbuf  {rise@0.000ns fall@10.000ns period=20.000ns})
  Destination:            u_mimo_detector_top_seq/u_matched_filter_seq/b_re_reg[2][19]/CLR
                            (recovery check against rising-edge clock clk_50_unbuf  {rise@0.000ns fall@10.000ns period=20.000ns})
  Path Group:             **async_default**
  Path Type:              Recovery (Max at Slow Process Corner)
  Requirement:            20.000ns  (clk_50_unbuf rise@20.000ns - clk_50_unbuf rise@0.000ns)
  Data Path Delay:        11.620ns  (logic 0.419ns (3.606%)  route 11.201ns (96.394%))
  Logic Levels:           0  
  Clock Path Skew:        0.018ns (DCD - SCD + CPR)
    Destination Clock Delay (DCD):    -1.457ns = ( 18.543 - 20.000 ) 
    Source Clock Delay      (SCD):    -0.899ns
    Clock Pessimism Removal (CPR):    0.577ns
  Clock Uncertainty:      0.082ns  ((TSJ^2 + DJ^2)^1/2) / 2 + PE
    Total System Jitter     (TSJ):    0.071ns
    Discrete Jitter          (DJ):    0.147ns
    Phase Error              (PE):    0.000ns

    Location             Delay type                Incr(ns)  Path(ns)    Netlist Resource(s)
  -------------------------------------------------------------------    -------------------
                         (clock clk_50_unbuf rise edge)
                                                      0.000     0.000 r  
    Y9                                                0.000     0.000 r  clk (IN)
                         net (fo=0)                   0.000     0.000    clk
    Y9                   IBUF (Prop_ibuf_I_O)         1.490     1.490 r  u_clk_ibuf/O
                         net (fo=1, routed)           1.285     2.775    clk_ibuf
    MMCME2_ADV_X0Y0      MMCME2_ADV (Prop_mmcme2_adv_CLKIN1_CLKOUT0)
                                                     -7.343    -4.568 r  u_mmcm_100_to_50/CLKOUT0
                         net (fo=1, routed)           1.855    -2.713    clk_50_unbuf
    BUFGCTRL_X0Y0        BUFG (Prop_bufg_I_O)         0.101    -2.612 r  u_clk_50_buf/O
                         net (fo=2332, routed)        1.713    -0.899    clk_50
    SLICE_X72Y23         FDPE                                         r  rst_sync_reg[2]/C
  -------------------------------------------------------------------    -------------------
    SLICE_X72Y23         FDPE (Prop_fdpe_C_Q)         0.419    -0.480 f  rst_sync_reg[2]/Q
                         net (fo=2329, routed)       11.201    10.722    u_mimo_detector_top_seq/u_matched_filter_seq/b_im_reg[3][19]_1[0]
    SLICE_X94Y14         FDCE                                         f  u_mimo_detector_top_seq/u_matched_filter_seq/b_re_reg[2][19]/CLR
  -------------------------------------------------------------------    -------------------

                         (clock clk_50_unbuf rise edge)
                                                     20.000    20.000 r  
    Y9                                                0.000    20.000 r  clk (IN)
                         net (fo=0)                   0.000    20.000    clk
    Y9                   IBUF (Prop_ibuf_I_O)         1.420    21.420 r  u_clk_ibuf/O
                         net (fo=1, routed)           1.162    22.582    clk_ibuf
    MMCME2_ADV_X0Y0      MMCME2_ADV (Prop_mmcme2_adv_CLKIN1_CLKOUT0)
                                                     -7.438    15.144 r  u_mmcm_100_to_50/CLKOUT0
                         net (fo=1, routed)           1.691    16.835    clk_50_unbuf
    BUFGCTRL_X0Y0        BUFG (Prop_bufg_I_O)         0.091    16.926 r  u_clk_50_buf/O
                         net (fo=2332, routed)        1.616    18.543    u_mimo_detector_top_seq/u_matched_filter_seq/clk_50
    SLICE_X94Y14         FDCE                                         r  u_mimo_detector_top_seq/u_matched_filter_seq/b_re_reg[2][19]/C
                         clock pessimism              0.577    19.119    
                         clock uncertainty           -0.082    19.038    
    SLICE_X94Y14         FDCE (Recov_fdce_C_CLR)     -0.491    18.547    u_mimo_detector_top_seq/u_matched_filter_seq/b_re_reg[2][19]
  -------------------------------------------------------------------
                         required time                         18.547    
                         arrival time                         -10.722    
  -------------------------------------------------------------------
                         slack                                  7.825    





Min Delay Paths
--------------------------------------------------------------------------------------
Slack (MET) :             0.479ns  (arrival time - required time)
  Source:                 rst_sync_reg[2]/C
                            (rising edge-triggered cell FDPE clocked by clk_50_unbuf  {rise@0.000ns fall@10.000ns period=20.000ns})
  Destination:            u_mimo_detector_top_seq/u_gs_solver_seq/x_re_reg[3][17]/CLR
                            (removal check against rising-edge clock clk_50_unbuf  {rise@0.000ns fall@10.000ns period=20.000ns})
  Path Group:             **async_default**
  Path Type:              Removal (Min at Fast Process Corner)
  Requirement:            0.000ns  (clk_50_unbuf rise@0.000ns - clk_50_unbuf rise@0.000ns)
  Data Path Delay:        0.347ns  (logic 0.128ns (36.858%)  route 0.219ns (63.142%))
  Logic Levels:           0  
  Clock Path Skew:        0.013ns (DCD - SCD - CPR)
    Destination Clock Delay (DCD):    -0.847ns
    Source Clock Delay      (SCD):    -0.605ns
    Clock Pessimism Removal (CPR):    -0.255ns

    Location             Delay type                Incr(ns)  Path(ns)    Netlist Resource(s)
  -------------------------------------------------------------------    -------------------
                         (clock clk_50_unbuf rise edge)
                                                      0.000     0.000 r  
    Y9                                                0.000     0.000 r  clk (IN)
                         net (fo=0)                   0.000     0.000    clk
    Y9                   IBUF (Prop_ibuf_I_O)         0.258     0.258 r  u_clk_ibuf/O
                         net (fo=1, routed)           0.440     0.698    clk_ibuf
    MMCME2_ADV_X0Y0      MMCME2_ADV (Prop_mmcme2_adv_CLKIN1_CLKOUT0)
                                                     -2.421    -1.722 r  u_mmcm_100_to_50/CLKOUT0
                         net (fo=1, routed)           0.518    -1.204    clk_50_unbuf
    BUFGCTRL_X0Y0        BUFG (Prop_bufg_I_O)         0.026    -1.178 r  u_clk_50_buf/O
                         net (fo=2332, routed)        0.574    -0.605    clk_50
    SLICE_X72Y23         FDPE                                         r  rst_sync_reg[2]/C
  -------------------------------------------------------------------    -------------------
    SLICE_X72Y23         FDPE (Prop_fdpe_C_Q)         0.128    -0.477 f  rst_sync_reg[2]/Q
                         net (fo=2329, routed)        0.219    -0.257    u_mimo_detector_top_seq/u_gs_solver_seq/done_reg_0[0]
    SLICE_X73Y23         FDCE                                         f  u_mimo_detector_top_seq/u_gs_solver_seq/x_re_reg[3][17]/CLR
  -------------------------------------------------------------------    -------------------

                         (clock clk_50_unbuf rise edge)
                                                      0.000     0.000 r  
    Y9                                                0.000     0.000 r  clk (IN)
                         net (fo=0)                   0.000     0.000    clk
    Y9                   IBUF (Prop_ibuf_I_O)         0.446     0.446 r  u_clk_ibuf/O
                         net (fo=1, routed)           0.480     0.926    clk_ibuf
    MMCME2_ADV_X0Y0      MMCME2_ADV (Prop_mmcme2_adv_CLKIN1_CLKOUT0)
                                                     -3.204    -2.278 r  u_mmcm_100_to_50/CLKOUT0
                         net (fo=1, routed)           0.564    -1.714    clk_50_unbuf
    BUFGCTRL_X0Y0        BUFG (Prop_bufg_I_O)         0.029    -1.685 r  u_clk_50_buf/O
                         net (fo=2332, routed)        0.838    -0.847    u_mimo_detector_top_seq/u_gs_solver_seq/clk_50
    SLICE_X73Y23         FDCE                                         r  u_mimo_detector_top_seq/u_gs_solver_seq/x_re_reg[3][17]/C
                         clock pessimism              0.255    -0.592    
    SLICE_X73Y23         FDCE (Remov_fdce_C_CLR)     -0.145    -0.737    u_mimo_detector_top_seq/u_gs_solver_seq/x_re_reg[3][17]
  -------------------------------------------------------------------
                         required time                          0.737    
                         arrival time                          -0.257    
  -------------------------------------------------------------------
                         slack                                  0.479    





