Copyright 1986-2022 Xilinx, Inc. All Rights Reserved. Copyright 2022-2026 Advanced Micro Devices, Inc. All Rights Reserved.
--------------------------------------------------------------------------------------------------------------------------------------------------------
| Tool Version : Vivado v.2025.2.1 (win64) Build 6403652 Thu Mar 19 19:48:24 GMT 2026
| Date         : Sat Jun 13 14:12:32 2026
| Host         : Nevgi running 64-bit major release  (build 9200)
| Command      : report_timing_summary -file C:/fpga_projects/adaptive-gs-mimo-detector/results/phase8_zedboard_demo/clk_20p000ns/timing_post_synth.rpt
| Design       : zedboard_mimo_demo_top
| Device       : 7z020-clg484
| Speed File   : -1  PRODUCTION 1.12 2019-11-22
| Design State : Synthesized
--------------------------------------------------------------------------------------------------------------------------------------------------------

Timing Summary Report

------------------------------------------------------------------------------------------------
| Timer Settings
| --------------
------------------------------------------------------------------------------------------------

  Enable Multi Corner Analysis               :  Yes
  Enable Pessimism Removal                   :  Yes
  Pessimism Removal Resolution               :  Nearest Common Node
  Enable Input Delay Default Clock           :  No
  Enable Preset / Clear Arcs                 :  No
  Disable Flight Delays                      :  No
  Ignore I/O Paths                           :  No
  Timing Early Launch at Borrowing Latches   :  No
  Borrow Time for Max Delay Exceptions       :  Yes
  Merge Timing Exceptions                    :  Yes
  Inter-SLR Compensation                     :  Conservative

  Corner  Analyze    Analyze    
  Name    Max Paths  Min Paths  
  ------  ---------  ---------  
  Slow    Yes        Yes        
  Fast    Yes        Yes        


------------------------------------------------------------------------------------------------
| Report Methodology
| ------------------
------------------------------------------------------------------------------------------------

No report available as report_methodology has not been run prior. Run report_methodology on the current design for the summary of methodology violations.



check_timing report

Table of Contents
-----------------
1. checking no_clock (0)
2. checking constant_clock (0)
3. checking pulse_width_clock (0)
4. checking unconstrained_internal_endpoints (0)
5. checking no_input_delay (4)
6. checking no_output_delay (8)
7. checking multiple_clock (0)
8. checking generated_clocks (0)
9. checking loops (0)
10. checking partial_input_delay (0)
11. checking partial_output_delay (0)
12. checking latch_loops (0)

1. checking no_clock (0)
------------------------
 There are 0 register/latch pins with no clock.


2. checking constant_clock (0)
------------------------------
 There are 0 register/latch pins with constant_clock.


3. checking pulse_width_clock (0)
---------------------------------
 There are 0 register/latch pins which need pulse_width check


4. checking unconstrained_internal_endpoints (0)
------------------------------------------------
 There are 0 pins that are not constrained for maximum delay.

 There are 0 pins that are not constrained for maximum delay due to constant clock.


5. checking no_input_delay (4)
------------------------------
 There are 4 input ports with no input delay specified. (HIGH)

 There are 0 input ports with no input delay but user has a false path constraint.


6. checking no_output_delay (8)
-------------------------------
 There are 8 ports with no output delay specified. (HIGH)

 There are 0 ports with no output delay but user has a false path constraint

 There are 0 ports with no output delay but with a timing clock defined on it or propagating through it


7. checking multiple_clock (0)
------------------------------
 There are 0 register/latch pins with multiple clocks.


8. checking generated_clocks (0)
--------------------------------
 There are 0 generated clocks that are not connected to a clock source.


9. checking loops (0)
---------------------
 There are 0 combinational loops in the design.


10. checking partial_input_delay (0)
------------------------------------
 There are 0 input ports with partial input delay specified.


11. checking partial_output_delay (0)
-------------------------------------
 There are 0 ports with partial output delay specified.


12. checking latch_loops (0)
----------------------------
 There are 0 combinational latch loops in the design through latch input



------------------------------------------------------------------------------------------------
| Design Timing Summary
| ---------------------
------------------------------------------------------------------------------------------------

    WNS(ns)      TNS(ns)  TNS Failing Endpoints  TNS Total Endpoints      WHS(ns)      THS(ns)  THS Failing Endpoints  THS Total Endpoints     WPWS(ns)     TPWS(ns)  TPWS Failing Endpoints  TPWS Total Endpoints  
    -------      -------  ---------------------  -------------------      -------      -------  ---------------------  -------------------     --------     --------  ----------------------  --------------------  
      5.867        0.000                      0                 6829        0.045        0.000                      0                 6829        3.000        0.000                       0                  2338  


All user specified timing constraints are met.


------------------------------------------------------------------------------------------------
| Clock Summary
| -------------
------------------------------------------------------------------------------------------------

Clock           Waveform(ns)       Period(ns)      Frequency(MHz)
-----           ------------       ----------      --------------
zedboard_gclk   {0.000 5.000}      10.000          100.000         
  clk_50_unbuf  {0.000 10.000}     20.000          50.000          
  clk_feedback  {0.000 5.000}      10.000          100.000         


------------------------------------------------------------------------------------------------
| Intra Clock Table
| -----------------
------------------------------------------------------------------------------------------------

Clock               WNS(ns)      TNS(ns)  TNS Failing Endpoints  TNS Total Endpoints      WHS(ns)      THS(ns)  THS Failing Endpoints  THS Total Endpoints     WPWS(ns)     TPWS(ns)  TPWS Failing Endpoints  TPWS Total Endpoints  
-----               -------      -------  ---------------------  -------------------      -------      -------  ---------------------  -------------------     --------     --------  ----------------------  --------------------  
zedboard_gclk                                                                                                                                                     3.000        0.000                       0                     1  
  clk_50_unbuf        5.867        0.000                      0                 4500        0.045        0.000                      0                 4500        9.500        0.000                       0                  2334  
  clk_feedback                                                                                                                                                    7.845        0.000                       0                     3  


------------------------------------------------------------------------------------------------
| Inter Clock Table
| -----------------
------------------------------------------------------------------------------------------------

From Clock    To Clock          WNS(ns)      TNS(ns)  TNS Failing Endpoints  TNS Total Endpoints      WHS(ns)      THS(ns)  THS Failing Endpoints  THS Total Endpoints  
----------    --------          -------      -------  ---------------------  -------------------      -------      -------  ---------------------  -------------------  


------------------------------------------------------------------------------------------------
| Other Path Groups Table
| -----------------------
------------------------------------------------------------------------------------------------

Path Group         From Clock         To Clock               WNS(ns)      TNS(ns)  TNS Failing Endpoints  TNS Total Endpoints      WHS(ns)      THS(ns)  THS Failing Endpoints  THS Total Endpoints  
----------         ----------         --------               -------      -------  ---------------------  -------------------      -------      -------  ---------------------  -------------------  
**async_default**  clk_50_unbuf       clk_50_unbuf            18.247        0.000                      0                 2329        0.347        0.000                      0                 2329  


------------------------------------------------------------------------------------------------
| Timing Details
| --------------
------------------------------------------------------------------------------------------------


---------------------------------------------------------------------------------------------------
From Clock:  zedboard_gclk
  To Clock:  zedboard_gclk

Setup :           NA  Failing Endpoints,  Worst Slack           NA  ,  Total Violation           NA
Hold  :           NA  Failing Endpoints,  Worst Slack           NA  ,  Total Violation           NA
PW    :            0  Failing Endpoints,  Worst Slack        3.000ns,  Total Violation        0.000ns
---------------------------------------------------------------------------------------------------


Pulse Width Checks
--------------------------------------------------------------------------------------
Clock Name:         zedboard_gclk
Waveform(ns):       { 0.000 5.000 }
Period(ns):         10.000
Sources:            { clk }

Check Type        Corner  Lib Pin            Reference Pin  Required(ns)  Actual(ns)  Slack(ns)  Location  Pin
Min Period        n/a     MMCME2_ADV/CLKIN1  n/a            1.249         10.000      8.751                u_mmcm_100_to_50/CLKIN1
Max Period        n/a     MMCME2_ADV/CLKIN1  n/a            100.000       10.000      90.000               u_mmcm_100_to_50/CLKIN1
Low Pulse Width   Slow    MMCME2_ADV/CLKIN1  n/a            2.000         5.000       3.000                u_mmcm_100_to_50/CLKIN1
High Pulse Width  Slow    MMCME2_ADV/CLKIN1  n/a            2.000         5.000       3.000                u_mmcm_100_to_50/CLKIN1



---------------------------------------------------------------------------------------------------
From Clock:  clk_50_unbuf
  To Clock:  clk_50_unbuf

Setup :            0  Failing Endpoints,  Worst Slack        5.867ns,  Total Violation        0.000ns
Hold  :            0  Failing Endpoints,  Worst Slack        0.045ns,  Total Violation        0.000ns
PW    :            0  Failing Endpoints,  Worst Slack        9.500ns,  Total Violation        0.000ns
---------------------------------------------------------------------------------------------------


Max Delay Paths
--------------------------------------------------------------------------------------
Slack (MET) :             5.867ns  (required time - arrival time)
  Source:                 u_mimo_detector_top_seq/u_gs_solver_seq/j_idx_reg[0]/C
                            (rising edge-triggered cell FDCE clocked by clk_50_unbuf  {rise@0.000ns fall@10.000ns period=20.000ns})
  Destination:            u_mimo_detector_top_seq/u_gs_solver_seq/sum_im_reg[27]/D
                            (rising edge-triggered cell FDCE clocked by clk_50_unbuf  {rise@0.000ns fall@10.000ns period=20.000ns})
  Path Group:             clk_50_unbuf
  Path Type:              Setup (Max at Slow Process Corner)
  Requirement:            20.000ns  (clk_50_unbuf rise@20.000ns - clk_50_unbuf rise@0.000ns)
  Data Path Delay:        13.950ns  (logic 8.135ns (58.314%)  route 5.815ns (41.686%))
  Logic Levels:           17  (CARRY4=7 DSP48E1=1 LUT1=1 LUT2=3 LUT3=1 LUT4=2 LUT5=1 LUT6=1)
  Clock Path Skew:        -0.145ns (DCD - SCD + CPR)
    Destination Clock Delay (DCD):    -2.229ns = ( 17.771 - 20.000 ) 
    Source Clock Delay      (SCD):    -1.554ns
    Clock Pessimism Removal (CPR):    0.531ns
  Clock Uncertainty:      0.082ns  ((TSJ^2 + DJ^2)^1/2) / 2 + PE
    Total System Jitter     (TSJ):    0.071ns
    Discrete Jitter          (DJ):    0.147ns
    Phase Error              (PE):    0.000ns

    Location             Delay type                Incr(ns)  Path(ns)    Netlist Resource(s)
  -------------------------------------------------------------------    -------------------
                         (clock clk_50_unbuf rise edge)
                                                      0.000     0.000 r  
    Y9                                                0.000     0.000 r  clk (IN)
                         net (fo=0)                   0.000     0.000    clk
    Y9                   IBUF (Prop_ibuf_I_O)         1.490     1.490 r  u_clk_ibuf/O
                         net (fo=1, unplaced)         0.584     2.074    clk_ibuf
                         MMCME2_ADV (Prop_mmcme2_adv_CLKIN1_CLKOUT0)
                                                     -5.113    -3.038 r  u_mmcm_100_to_50/CLKOUT0
                         net (fo=1, unplaced)         0.800    -2.239    clk_50_unbuf
                         BUFG (Prop_bufg_I_O)         0.101    -2.138 r  u_clk_50_buf/O
                         net (fo=2332, unplaced)      0.584    -1.554    u_mimo_detector_top_seq/u_gs_solver_seq/clk_50
                         FDCE                                         r  u_mimo_detector_top_seq/u_gs_solver_seq/j_idx_reg[0]/C
  -------------------------------------------------------------------    -------------------
                         FDCE (Prop_fdce_C_Q)         0.478    -1.076 r  u_mimo_detector_top_seq/u_gs_solver_seq/j_idx_reg[0]/Q
                         net (fo=10, unplaced)        0.513    -0.563    u_mimo_detector_top_seq/u_gs_solver_seq/j_idx[0]
                         LUT2 (Prop_lut2_I0_O)        0.295    -0.268 f  u_mimo_detector_top_seq/u_gs_solver_seq/j_idx[1]_i_4/O
                         net (fo=131, unplaced)       0.555     0.287    u_mimo_detector_top_seq/u_gs_solver_seq/j_idx[1]_i_4_n_0
                         LUT4 (Prop_lut4_I2_O)        0.124     0.411 f  u_mimo_detector_top_seq/u_gs_solver_seq/mult_wx_to_acc_return0__0_i_244/O
                         net (fo=1, unplaced)         0.449     0.860    u_mimo_detector_top_seq/u_gs_solver_seq/mult_wx_to_acc_return0__0_i_244_n_0
                         LUT5 (Prop_lut5_I4_O)        0.124     0.984 r  u_mimo_detector_top_seq/u_gs_solver_seq/mult_wx_to_acc_return0__0_i_200/O
                         net (fo=1, unplaced)         0.449     1.433    u_mimo_detector_top_seq/u_gs_solver_seq/mult_wx_to_acc_return0__0_i_200_n_0
                         LUT6 (Prop_lut6_I1_O)        0.124     1.557 f  u_mimo_detector_top_seq/u_gs_solver_seq/mult_wx_to_acc_return0__0_i_108/O
                         net (fo=7, unplaced)         0.484     2.041    u_mimo_detector_top_seq/u_gs_solver_seq/mult_wx_to_acc_return0__0_i_108_n_0
                         LUT1 (Prop_lut1_I0_O)        0.124     2.165 r  u_mimo_detector_top_seq/u_gs_solver_seq/mult_wx_to_acc_return0__0_i_18/O
                         net (fo=18, unplaced)        0.800     2.965    u_mimo_detector_top_seq/u_gs_solver_seq/mult_wx_to_acc_return0__0_i_18_n_0
                         DSP48E1 (Prop_dsp48e1_A[29]_P[18])
                                                      3.841     6.806 r  u_mimo_detector_top_seq/u_gs_solver_seq/mult_wx_to_acc_return0__1/P[18]
                         net (fo=2, unplaced)         0.800     7.606    u_mimo_detector_top_seq/u_gs_solver_seq/mult_wx_to_acc_return0__1_n_87
                         LUT2 (Prop_lut2_I0_O)        0.124     7.730 r  u_mimo_detector_top_seq/u_gs_solver_seq/sum_im[11]_i_15/O
                         net (fo=1, unplaced)         0.000     7.730    u_mimo_detector_top_seq/u_gs_solver_seq/sum_im[11]_i_15_n_0
                         CARRY4 (Prop_carry4_S[1]_CO[3])
                                                      0.533     8.263 r  u_mimo_detector_top_seq/u_gs_solver_seq/sum_im_reg[11]_i_11/CO[3]
                         net (fo=1, unplaced)         0.009     8.272    u_mimo_detector_top_seq/u_gs_solver_seq/sum_im_reg[11]_i_11_n_0
                         CARRY4 (Prop_carry4_CI_O[1])
                                                      0.337     8.609 r  u_mimo_detector_top_seq/u_gs_solver_seq/sum_im_reg[15]_i_11/O[1]
                         net (fo=2, unplaced)         0.622     9.231    u_mimo_detector_top_seq/u_gs_solver_seq/sum_im_reg[15]_i_11_n_6
                         LUT3 (Prop_lut3_I0_O)        0.335     9.566 r  u_mimo_detector_top_seq/u_gs_solver_seq/sum_im[11]_i_3/O
                         net (fo=2, unplaced)         0.517    10.083    u_mimo_detector_top_seq/u_gs_solver_seq/sum_im[11]_i_3_n_0
                         LUT4 (Prop_lut4_I3_O)        0.331    10.414 r  u_mimo_detector_top_seq/u_gs_solver_seq/sum_im[11]_i_7/O
                         net (fo=1, unplaced)         0.000    10.414    u_mimo_detector_top_seq/u_gs_solver_seq/sum_im[11]_i_7_n_0
                         CARRY4 (Prop_carry4_S[3]_CO[3])
                                                      0.376    10.790 r  u_mimo_detector_top_seq/u_gs_solver_seq/sum_im_reg[11]_i_2/CO[3]
                         net (fo=1, unplaced)         0.000    10.790    u_mimo_detector_top_seq/u_gs_solver_seq/sum_im_reg[11]_i_2_n_0
                         CARRY4 (Prop_carry4_CI_CO[3])
                                                      0.117    10.907 r  u_mimo_detector_top_seq/u_gs_solver_seq/sum_im_reg[15]_i_2/CO[3]
                         net (fo=1, unplaced)         0.000    10.907    u_mimo_detector_top_seq/u_gs_solver_seq/sum_im_reg[15]_i_2_n_0
                         CARRY4 (Prop_carry4_CI_CO[3])
                                                      0.117    11.024 r  u_mimo_detector_top_seq/u_gs_solver_seq/sum_im_reg[19]_i_2/CO[3]
                         net (fo=1, unplaced)         0.000    11.024    u_mimo_detector_top_seq/u_gs_solver_seq/sum_im_reg[19]_i_2_n_0
                         CARRY4 (Prop_carry4_CI_CO[3])
                                                      0.117    11.141 r  u_mimo_detector_top_seq/u_gs_solver_seq/sum_im_reg[23]_i_2/CO[3]
                         net (fo=1, unplaced)         0.000    11.141    u_mimo_detector_top_seq/u_gs_solver_seq/sum_im_reg[23]_i_2_n_0
                         CARRY4 (Prop_carry4_CI_O[3])
                                                      0.331    11.472 r  u_mimo_detector_top_seq/u_gs_solver_seq/sum_im_reg[27]_i_2/O[3]
                         net (fo=1, unplaced)         0.618    12.090    u_mimo_detector_top_seq/u_gs_solver_seq/sum_im0[27]
                         LUT2 (Prop_lut2_I1_O)        0.307    12.397 r  u_mimo_detector_top_seq/u_gs_solver_seq/sum_im[27]_i_1/O
                         net (fo=1, unplaced)         0.000    12.397    u_mimo_detector_top_seq/u_gs_solver_seq/sum_im[27]_i_1_n_0
                         FDCE                                         r  u_mimo_detector_top_seq/u_gs_solver_seq/sum_im_reg[27]/D
  -------------------------------------------------------------------    -------------------

                         (clock clk_50_unbuf rise edge)
                                                     20.000    20.000 r  
    Y9                                                0.000    20.000 r  clk (IN)
                         net (fo=0)                   0.000    20.000    clk
    Y9                   IBUF (Prop_ibuf_I_O)         1.420    21.420 r  u_clk_ibuf/O
                         net (fo=1, unplaced)         0.439    21.859    clk_ibuf
                         MMCME2_ADV (Prop_mmcme2_adv_CLKIN1_CLKOUT0)
                                                     -5.378    16.481 r  u_mmcm_100_to_50/CLKOUT0
                         net (fo=1, unplaced)         0.760    17.241    clk_50_unbuf
                         BUFG (Prop_bufg_I_O)         0.091    17.332 r  u_clk_50_buf/O
                         net (fo=2332, unplaced)      0.439    17.771    u_mimo_detector_top_seq/u_gs_solver_seq/clk_50
                         FDCE                                         r  u_mimo_detector_top_seq/u_gs_solver_seq/sum_im_reg[27]/C
                         clock pessimism              0.531    18.301    
                         clock uncertainty           -0.082    18.220    
                         FDCE (Setup_fdce_C_D)        0.044    18.264    u_mimo_detector_top_seq/u_gs_solver_seq/sum_im_reg[27]
  -------------------------------------------------------------------
                         required time                         18.264    
                         arrival time                         -12.397    
  -------------------------------------------------------------------
                         slack                                  5.867    





Min Delay Paths
--------------------------------------------------------------------------------------
Slack (MET) :             0.045ns  (arrival time - required time)
  Source:                 display_sw_sync_reg[0]/C
                            (rising edge-triggered cell FDCE clocked by clk_50_unbuf  {rise@0.000ns fall@10.000ns period=20.000ns})
  Destination:            display_sw_sync_reg[1]/D
                            (rising edge-triggered cell FDCE clocked by clk_50_unbuf  {rise@0.000ns fall@10.000ns period=20.000ns})
  Path Group:             clk_50_unbuf
  Path Type:              Hold (Min at Fast Process Corner)
  Requirement:            0.000ns  (clk_50_unbuf rise@0.000ns - clk_50_unbuf rise@0.000ns)
  Data Path Delay:        0.228ns  (logic 0.147ns (64.493%)  route 0.081ns (35.507%))
  Logic Levels:           0  
  Clock Path Skew:        0.145ns (DCD - SCD - CPR)
    Destination Clock Delay (DCD):    -1.062ns
    Source Clock Delay      (SCD):    -0.927ns
    Clock Pessimism Removal (CPR):    -0.280ns

    Location             Delay type                Incr(ns)  Path(ns)    Netlist Resource(s)
  -------------------------------------------------------------------    -------------------
                         (clock clk_50_unbuf rise edge)
                                                      0.000     0.000 r  
    Y9                                                0.000     0.000 r  clk (IN)
                         net (fo=0)                   0.000     0.000    clk
    Y9                   IBUF (Prop_ibuf_I_O)         0.258     0.258 r  u_clk_ibuf/O
                         net (fo=1, unplaced)         0.114     0.372    clk_ibuf
                         MMCME2_ADV (Prop_mmcme2_adv_CLKIN1_CLKOUT0)
                                                     -1.776    -1.404 r  u_mmcm_100_to_50/CLKOUT0
                         net (fo=1, unplaced)         0.337    -1.067    clk_50_unbuf
                         BUFG (Prop_bufg_I_O)         0.026    -1.041 r  u_clk_50_buf/O
                         net (fo=2332, unplaced)      0.114    -0.927    clk_50
                         FDCE                                         r  display_sw_sync_reg[0]/C
  -------------------------------------------------------------------    -------------------
                         FDCE (Prop_fdce_C_Q)         0.147    -0.780 r  display_sw_sync_reg[0]/Q
                         net (fo=1, unplaced)         0.081    -0.699    display_sw_sync[0]
                         FDCE                                         r  display_sw_sync_reg[1]/D
  -------------------------------------------------------------------    -------------------

                         (clock clk_50_unbuf rise edge)
                                                      0.000     0.000 r  
    Y9                                                0.000     0.000 r  clk (IN)
                         net (fo=0)                   0.000     0.000    clk
    Y9                   IBUF (Prop_ibuf_I_O)         0.446     0.446 r  u_clk_ibuf/O
                         net (fo=1, unplaced)         0.259     0.705    clk_ibuf
                         MMCME2_ADV (Prop_mmcme2_adv_CLKIN1_CLKOUT0)
                                                     -2.410    -1.705 r  u_mmcm_100_to_50/CLKOUT0
                         net (fo=1, unplaced)         0.355    -1.350    clk_50_unbuf
                         BUFG (Prop_bufg_I_O)         0.029    -1.321 r  u_clk_50_buf/O
                         net (fo=2332, unplaced)      0.259    -1.062    clk_50
                         FDCE                                         r  display_sw_sync_reg[1]/C
                         clock pessimism              0.280    -0.782    
                         FDCE (Hold_fdce_C_D)         0.038    -0.744    display_sw_sync_reg[1]
  -------------------------------------------------------------------
                         required time                          0.744    
                         arrival time                          -0.699    
  -------------------------------------------------------------------
                         slack                                  0.045    





Pulse Width Checks
--------------------------------------------------------------------------------------
Clock Name:         clk_50_unbuf
Waveform(ns):       { 0.000 10.000 }
Period(ns):         20.000
Sources:            { u_mmcm_100_to_50/CLKOUT0 }

Check Type        Corner  Lib Pin             Reference Pin  Required(ns)  Actual(ns)  Slack(ns)  Location  Pin
Min Period        n/a     BUFG/I              n/a            2.155         20.000      17.845               u_clk_50_buf/I
Max Period        n/a     MMCME2_ADV/CLKOUT0  n/a            213.360       20.000      193.360              u_mmcm_100_to_50/CLKOUT0
Low Pulse Width   Slow    FDCE/C              n/a            0.500         10.000      9.500                bits_latched_reg[0][0]/C
High Pulse Width  Slow    FDCE/C              n/a            0.500         10.000      9.500                bits_latched_reg[0][0]/C



---------------------------------------------------------------------------------------------------
From Clock:  clk_feedback
  To Clock:  clk_feedback

Setup :           NA  Failing Endpoints,  Worst Slack           NA  ,  Total Violation           NA
Hold  :           NA  Failing Endpoints,  Worst Slack           NA  ,  Total Violation           NA
PW    :            0  Failing Endpoints,  Worst Slack        7.845ns,  Total Violation        0.000ns
---------------------------------------------------------------------------------------------------


Pulse Width Checks
--------------------------------------------------------------------------------------
Clock Name:         clk_feedback
Waveform(ns):       { 0.000 5.000 }
Period(ns):         10.000
Sources:            { u_mmcm_100_to_50/CLKFBOUT }

Check Type  Corner  Lib Pin             Reference Pin  Required(ns)  Actual(ns)  Slack(ns)  Location  Pin
Min Period  n/a     BUFG/I              n/a            2.155         10.000      7.845                u_clk_feedback_buf/I
Max Period  n/a     MMCME2_ADV/CLKFBIN  n/a            100.000       10.000      90.000               u_mmcm_100_to_50/CLKFBIN



---------------------------------------------------------------------------------------------------
Path Group:  **async_default**
From Clock:  clk_50_unbuf
  To Clock:  clk_50_unbuf

Setup :            0  Failing Endpoints,  Worst Slack       18.247ns,  Total Violation        0.000ns
Hold  :            0  Failing Endpoints,  Worst Slack        0.347ns,  Total Violation        0.000ns
---------------------------------------------------------------------------------------------------


Max Delay Paths
--------------------------------------------------------------------------------------
Slack (MET) :             18.247ns  (required time - arrival time)
  Source:                 rst_sync_reg[2]/C
                            (rising edge-triggered cell FDPE clocked by clk_50_unbuf  {rise@0.000ns fall@10.000ns period=20.000ns})
  Destination:            u_mimo_detector_top_seq/FSM_onehot_state_reg[0]/PRE
                            (recovery check against rising-edge clock clk_50_unbuf  {rise@0.000ns fall@10.000ns period=20.000ns})
  Path Group:             **async_default**
  Path Type:              Recovery (Max at Slow Process Corner)
  Requirement:            20.000ns  (clk_50_unbuf rise@20.000ns - clk_50_unbuf rise@0.000ns)
  Data Path Delay:        0.961ns  (logic 0.478ns (49.740%)  route 0.483ns (50.260%))
  Logic Levels:           0  
  Clock Path Skew:        -0.145ns (DCD - SCD + CPR)
    Destination Clock Delay (DCD):    -2.229ns = ( 17.771 - 20.000 ) 
    Source Clock Delay      (SCD):    -1.554ns
    Clock Pessimism Removal (CPR):    0.531ns
  Clock Uncertainty:      0.082ns  ((TSJ^2 + DJ^2)^1/2) / 2 + PE
    Total System Jitter     (TSJ):    0.071ns
    Discrete Jitter          (DJ):    0.147ns
    Phase Error              (PE):    0.000ns

    Location             Delay type                Incr(ns)  Path(ns)    Netlist Resource(s)
  -------------------------------------------------------------------    -------------------
                         (clock clk_50_unbuf rise edge)
                                                      0.000     0.000 r  
    Y9                                                0.000     0.000 r  clk (IN)
                         net (fo=0)                   0.000     0.000    clk
    Y9                   IBUF (Prop_ibuf_I_O)         1.490     1.490 r  u_clk_ibuf/O
                         net (fo=1, unplaced)         0.584     2.074    clk_ibuf
                         MMCME2_ADV (Prop_mmcme2_adv_CLKIN1_CLKOUT0)
                                                     -5.113    -3.038 r  u_mmcm_100_to_50/CLKOUT0
                         net (fo=1, unplaced)         0.800    -2.239    clk_50_unbuf
                         BUFG (Prop_bufg_I_O)         0.101    -2.138 r  u_clk_50_buf/O
                         net (fo=2332, unplaced)      0.584    -1.554    clk_50
                         FDPE                                         r  rst_sync_reg[2]/C
  -------------------------------------------------------------------    -------------------
                         FDPE (Prop_fdpe_C_Q)         0.478    -1.076 f  rst_sync_reg[2]/Q
                         net (fo=2329, unplaced)      0.483    -0.593    u_mimo_detector_top_seq/i_idx_reg[1]_rep[0]
                         FDPE                                         f  u_mimo_detector_top_seq/FSM_onehot_state_reg[0]/PRE
  -------------------------------------------------------------------    -------------------

                         (clock clk_50_unbuf rise edge)
                                                     20.000    20.000 r  
    Y9                                                0.000    20.000 r  clk (IN)
                         net (fo=0)                   0.000    20.000    clk
    Y9                   IBUF (Prop_ibuf_I_O)         1.420    21.420 r  u_clk_ibuf/O
                         net (fo=1, unplaced)         0.439    21.859    clk_ibuf
                         MMCME2_ADV (Prop_mmcme2_adv_CLKIN1_CLKOUT0)
                                                     -5.378    16.481 r  u_mmcm_100_to_50/CLKOUT0
                         net (fo=1, unplaced)         0.760    17.241    clk_50_unbuf
                         BUFG (Prop_bufg_I_O)         0.091    17.332 r  u_clk_50_buf/O
                         net (fo=2332, unplaced)      0.439    17.771    u_mimo_detector_top_seq/clk_50
                         FDPE                                         r  u_mimo_detector_top_seq/FSM_onehot_state_reg[0]/C
                         clock pessimism              0.531    18.301    
                         clock uncertainty           -0.082    18.220    
                         FDPE (Recov_fdpe_C_PRE)     -0.565    17.655    u_mimo_detector_top_seq/FSM_onehot_state_reg[0]
  -------------------------------------------------------------------
                         required time                         17.655    
                         arrival time                           0.593    
  -------------------------------------------------------------------
                         slack                                 18.247    





Min Delay Paths
--------------------------------------------------------------------------------------
Slack (MET) :             0.347ns  (arrival time - required time)
  Source:                 rst_sync_reg[2]/C
                            (rising edge-triggered cell FDPE clocked by clk_50_unbuf  {rise@0.000ns fall@10.000ns period=20.000ns})
  Destination:            bits_latched_reg[0][0]/CLR
                            (removal check against rising-edge clock clk_50_unbuf  {rise@0.000ns fall@10.000ns period=20.000ns})
  Path Group:             **async_default**
  Path Type:              Removal (Min at Fast Process Corner)
  Requirement:            0.000ns  (clk_50_unbuf rise@0.000ns - clk_50_unbuf rise@0.000ns)
  Data Path Delay:        0.351ns  (logic 0.147ns (41.929%)  route 0.204ns (58.071%))
  Logic Levels:           0  
  Clock Path Skew:        0.145ns (DCD - SCD - CPR)
    Destination Clock Delay (DCD):    -1.062ns
    Source Clock Delay      (SCD):    -0.927ns
    Clock Pessimism Removal (CPR):    -0.280ns

    Location             Delay type                Incr(ns)  Path(ns)    Netlist Resource(s)
  -------------------------------------------------------------------    -------------------
                         (clock clk_50_unbuf rise edge)
                                                      0.000     0.000 r  
    Y9                                                0.000     0.000 r  clk (IN)
                         net (fo=0)                   0.000     0.000    clk
    Y9                   IBUF (Prop_ibuf_I_O)         0.258     0.258 r  u_clk_ibuf/O
                         net (fo=1, unplaced)         0.114     0.372    clk_ibuf
                         MMCME2_ADV (Prop_mmcme2_adv_CLKIN1_CLKOUT0)
                                                     -1.776    -1.404 r  u_mmcm_100_to_50/CLKOUT0
                         net (fo=1, unplaced)         0.337    -1.067    clk_50_unbuf
                         BUFG (Prop_bufg_I_O)         0.026    -1.041 r  u_clk_50_buf/O
                         net (fo=2332, unplaced)      0.114    -0.927    clk_50
                         FDPE                                         r  rst_sync_reg[2]/C
  -------------------------------------------------------------------    -------------------
                         FDPE (Prop_fdpe_C_Q)         0.147    -0.780 f  rst_sync_reg[2]/Q
                         net (fo=2329, unplaced)      0.204    -0.576    rst_sync[2]
                         FDCE                                         f  bits_latched_reg[0][0]/CLR
  -------------------------------------------------------------------    -------------------

                         (clock clk_50_unbuf rise edge)
                                                      0.000     0.000 r  
    Y9                                                0.000     0.000 r  clk (IN)
                         net (fo=0)                   0.000     0.000    clk
    Y9                   IBUF (Prop_ibuf_I_O)         0.446     0.446 r  u_clk_ibuf/O
                         net (fo=1, unplaced)         0.259     0.705    clk_ibuf
                         MMCME2_ADV (Prop_mmcme2_adv_CLKIN1_CLKOUT0)
                                                     -2.410    -1.705 r  u_mmcm_100_to_50/CLKOUT0
                         net (fo=1, unplaced)         0.355    -1.350    clk_50_unbuf
                         BUFG (Prop_bufg_I_O)         0.029    -1.321 r  u_clk_50_buf/O
                         net (fo=2332, unplaced)      0.259    -1.062    clk_50
                         FDCE                                         r  bits_latched_reg[0][0]/C
                         clock pessimism              0.280    -0.782    
                         FDCE (Remov_fdce_C_CLR)     -0.141    -0.923    bits_latched_reg[0][0]
  -------------------------------------------------------------------
                         required time                          0.923    
                         arrival time                          -0.576    
  -------------------------------------------------------------------
                         slack                                  0.347    





