Copyright 1986-2022 Xilinx, Inc. All Rights Reserved. Copyright 2022-2026 Advanced Micro Devices, Inc. All Rights Reserved.
---------------------------------------------------------------------------------------------------------------------------------------------
| Tool Version : Vivado v.2025.2.1 (win64) Build 6403652 Thu Mar 19 19:48:24 GMT 2026
| Date         : Sun Jun 14 03:39:46 2026
| Host         : Nevgi running 64-bit major release  (build 9200)
| Command      : report_drc -file C:/fpga_projects/adaptive-gs-mimo-detector/results/phase9_zedboard_uart/clk_20p000ns/drc_synth_failed.rpt
| Design State : ignored
---------------------------------------------------------------------------------------------------------------------------------------------

Report DRC

Table of Contents
-----------------
1. REPORT SUMMARY
2. REPORT DETAILS

1. REPORT SUMMARY
-----------------
            Netlist: <none>
          Floorplan: <none>
      Design limits: <entire design considered>
           Ruledeck: proj_checks
             Max checks: <unlimited>
             Checks found: 0
+------+----------+-------------+--------+
| Rule | Severity | Description | Checks |
+------+----------+-------------+--------+
+------+----------+-------------+--------+

2. REPORT DETAILS
-----------------

