Copyright 1986-2022 Xilinx, Inc. All Rights Reserved. Copyright 2022-2026 Advanced Micro Devices, Inc. All Rights Reserved.
--------------------------------------------------------------------------------------------------------------------------------------------------------
| Tool Version : Vivado v.2025.2.1 (win64) Build 6403652 Thu Mar 19 19:48:24 GMT 2026
| Date         : Sun Jun 14 03:47:17 2026
| Host         : Nevgi running 64-bit major release  (build 9200)
| Command      : report_timing_summary -file C:/fpga_projects/adaptive-gs-mimo-detector/results/phase9_zedboard_uart/clk_20p000ns/timing_post_route.rpt
| Design       : zedboard_mimo_uart_top
| Device       : 7z020-clg484
| Speed File   : -1  PRODUCTION 1.12 2019-11-22
| Design State : Routed
--------------------------------------------------------------------------------------------------------------------------------------------------------

Timing Summary Report

------------------------------------------------------------------------------------------------
| Timer Settings
| --------------
------------------------------------------------------------------------------------------------

  Enable Multi Corner Analysis               :  Yes
  Enable Pessimism Removal                   :  Yes
  Pessimism Removal Resolution               :  Nearest Common Node
  Enable Input Delay Default Clock           :  No
  Enable Preset / Clear Arcs                 :  No
  Disable Flight Delays                      :  No
  Ignore I/O Paths                           :  No
  Timing Early Launch at Borrowing Latches   :  No
  Borrow Time for Max Delay Exceptions       :  Yes
  Merge Timing Exceptions                    :  Yes
  Inter-SLR Compensation                     :  Conservative

  Corner  Analyze    Analyze    
  Name    Max Paths  Min Paths  
  ------  ---------  ---------  
  Slow    Yes        Yes        
  Fast    Yes        Yes        


------------------------------------------------------------------------------------------------
| Report Methodology
| ------------------
------------------------------------------------------------------------------------------------

No report available as report_methodology has not been run prior. Run report_methodology on the current design for the summary of methodology violations.



check_timing report

Table of Contents
-----------------
1. checking no_clock (0)
2. checking constant_clock (0)
3. checking pulse_width_clock (0)
4. checking unconstrained_internal_endpoints (0)
5. checking no_input_delay (2)
6. checking no_output_delay (9)
7. checking multiple_clock (0)
8. checking generated_clocks (0)
9. checking loops (0)
10. checking partial_input_delay (0)
11. checking partial_output_delay (0)
12. checking latch_loops (0)

1. checking no_clock (0)
------------------------
 There are 0 register/latch pins with no clock.


2. checking constant_clock (0)
------------------------------
 There are 0 register/latch pins with constant_clock.


3. checking pulse_width_clock (0)
---------------------------------
 There are 0 register/latch pins which need pulse_width check


4. checking unconstrained_internal_endpoints (0)
------------------------------------------------
 There are 0 pins that are not constrained for maximum delay.

 There are 0 pins that are not constrained for maximum delay due to constant clock.


5. checking no_input_delay (2)
------------------------------
 There are 2 input ports with no input delay specified. (HIGH)

 There are 0 input ports with no input delay but user has a false path constraint.


6. checking no_output_delay (9)
-------------------------------
 There are 9 ports with no output delay specified. (HIGH)

 There are 0 ports with no output delay but user has a false path constraint

 There are 0 ports with no output delay but with a timing clock defined on it or propagating through it


7. checking multiple_clock (0)
------------------------------
 There are 0 register/latch pins with multiple clocks.


8. checking generated_clocks (0)
--------------------------------
 There are 0 generated clocks that are not connected to a clock source.


9. checking loops (0)
---------------------
 There are 0 combinational loops in the design.


10. checking partial_input_delay (0)
------------------------------------
 There are 0 input ports with partial input delay specified.


11. checking partial_output_delay (0)
-------------------------------------
 There are 0 ports with partial output delay specified.


12. checking latch_loops (0)
----------------------------
 There are 0 combinational latch loops in the design through latch input



------------------------------------------------------------------------------------------------
| Design Timing Summary
| ---------------------
------------------------------------------------------------------------------------------------

    WNS(ns)      TNS(ns)  TNS Failing Endpoints  TNS Total Endpoints      WHS(ns)      THS(ns)  THS Failing Endpoints  THS Total Endpoints     WPWS(ns)     TPWS(ns)  TPWS Failing Endpoints  TPWS Total Endpoints  
    -------      -------  ---------------------  -------------------      -------      -------  ---------------------  -------------------     --------     --------  ----------------------  --------------------  
      3.153        0.000                      0                12119        0.101        0.000                      0                12119        3.000        0.000                       0                  4108  


All user specified timing constraints are met.


------------------------------------------------------------------------------------------------
| Clock Summary
| -------------
------------------------------------------------------------------------------------------------

Clock           Waveform(ns)       Period(ns)      Frequency(MHz)
-----           ------------       ----------      --------------
zedboard_gclk   {0.000 5.000}      10.000          100.000         
  clk_50_unbuf  {0.000 10.000}     20.000          50.000          
  clk_feedback  {0.000 5.000}      10.000          100.000         


------------------------------------------------------------------------------------------------
| Intra Clock Table
| -----------------
------------------------------------------------------------------------------------------------

Clock               WNS(ns)      TNS(ns)  TNS Failing Endpoints  TNS Total Endpoints      WHS(ns)      THS(ns)  THS Failing Endpoints  THS Total Endpoints     WPWS(ns)     TPWS(ns)  TPWS Failing Endpoints  TPWS Total Endpoints  
-----               -------      -------  ---------------------  -------------------      -------      -------  ---------------------  -------------------     --------     --------  ----------------------  --------------------  
zedboard_gclk                                                                                                                                                     3.000        0.000                       0                     1  
  clk_50_unbuf        3.153        0.000                      0                 8020        0.101        0.000                      0                 8020        9.500        0.000                       0                  4104  
  clk_feedback                                                                                                                                                    7.845        0.000                       0                     3  


------------------------------------------------------------------------------------------------
| Inter Clock Table
| -----------------
------------------------------------------------------------------------------------------------

From Clock    To Clock          WNS(ns)      TNS(ns)  TNS Failing Endpoints  TNS Total Endpoints      WHS(ns)      THS(ns)  THS Failing Endpoints  THS Total Endpoints  
----------    --------          -------      -------  ---------------------  -------------------      -------      -------  ---------------------  -------------------  


------------------------------------------------------------------------------------------------
| Other Path Groups Table
| -----------------------
------------------------------------------------------------------------------------------------

Path Group         From Clock         To Clock               WNS(ns)      TNS(ns)  TNS Failing Endpoints  TNS Total Endpoints      WHS(ns)      THS(ns)  THS Failing Endpoints  THS Total Endpoints  
----------         ----------         --------               -------      -------  ---------------------  -------------------      -------      -------  ---------------------  -------------------  
**async_default**  clk_50_unbuf       clk_50_unbuf            10.068        0.000                      0                 4099        0.604        0.000                      0                 4099  


------------------------------------------------------------------------------------------------
| Timing Details
| --------------
------------------------------------------------------------------------------------------------


---------------------------------------------------------------------------------------------------
From Clock:  zedboard_gclk
  To Clock:  zedboard_gclk

Setup :           NA  Failing Endpoints,  Worst Slack           NA  ,  Total Violation           NA
Hold  :           NA  Failing Endpoints,  Worst Slack           NA  ,  Total Violation           NA
PW    :            0  Failing Endpoints,  Worst Slack        3.000ns,  Total Violation        0.000ns
---------------------------------------------------------------------------------------------------


Pulse Width Checks
--------------------------------------------------------------------------------------
Clock Name:         zedboard_gclk
Waveform(ns):       { 0.000 5.000 }
Period(ns):         10.000
Sources:            { clk }

Check Type        Corner  Lib Pin            Reference Pin  Required(ns)  Actual(ns)  Slack(ns)  Location         Pin
Min Period        n/a     MMCME2_ADV/CLKIN1  n/a            1.249         10.000      8.751      MMCME2_ADV_X0Y0  u_mmcm_100_to_50/CLKIN1
Max Period        n/a     MMCME2_ADV/CLKIN1  n/a            100.000       10.000      90.000     MMCME2_ADV_X0Y0  u_mmcm_100_to_50/CLKIN1
Low Pulse Width   Slow    MMCME2_ADV/CLKIN1  n/a            2.000         5.000       3.000      MMCME2_ADV_X0Y0  u_mmcm_100_to_50/CLKIN1
High Pulse Width  Slow    MMCME2_ADV/CLKIN1  n/a            2.000         5.000       3.000      MMCME2_ADV_X0Y0  u_mmcm_100_to_50/CLKIN1



---------------------------------------------------------------------------------------------------
From Clock:  clk_50_unbuf
  To Clock:  clk_50_unbuf

Setup :            0  Failing Endpoints,  Worst Slack        3.153ns,  Total Violation        0.000ns
Hold  :            0  Failing Endpoints,  Worst Slack        0.101ns,  Total Violation        0.000ns
PW    :            0  Failing Endpoints,  Worst Slack        9.500ns,  Total Violation        0.000ns
---------------------------------------------------------------------------------------------------


Max Delay Paths
--------------------------------------------------------------------------------------
Slack (MET) :             3.153ns  (required time - arrival time)
  Source:                 u_mimo_detector_top_seq/u_gs_solver_seq/idx_reg[1]_rep/C
                            (rising edge-triggered cell FDCE clocked by clk_50_unbuf  {rise@0.000ns fall@10.000ns period=20.000ns})
  Destination:            u_mimo_detector_top_seq/u_gs_solver_seq/sum_re_reg[21]/D
                            (rising edge-triggered cell FDCE clocked by clk_50_unbuf  {rise@0.000ns fall@10.000ns period=20.000ns})
  Path Group:             clk_50_unbuf
  Path Type:              Setup (Max at Slow Process Corner)
  Requirement:            20.000ns  (clk_50_unbuf rise@20.000ns - clk_50_unbuf rise@0.000ns)
  Data Path Delay:        16.776ns  (logic 7.559ns (45.059%)  route 9.217ns (54.941%))
  Logic Levels:           16  (CARRY4=6 DSP48E1=1 LUT2=3 LUT3=1 LUT4=1 LUT6=4)
  Clock Path Skew:        -0.065ns (DCD - SCD + CPR)
    Destination Clock Delay (DCD):    -1.524ns = ( 18.476 - 20.000 ) 
    Source Clock Delay      (SCD):    -0.883ns
    Clock Pessimism Removal (CPR):    0.577ns
  Clock Uncertainty:      0.082ns  ((TSJ^2 + DJ^2)^1/2) / 2 + PE
    Total System Jitter     (TSJ):    0.071ns
    Discrete Jitter          (DJ):    0.147ns
    Phase Error              (PE):    0.000ns

    Location             Delay type                Incr(ns)  Path(ns)    Netlist Resource(s)
  -------------------------------------------------------------------    -------------------
                         (clock clk_50_unbuf rise edge)
                                                      0.000     0.000 r  
    Y9                                                0.000     0.000 r  clk (IN)
                         net (fo=0)                   0.000     0.000    clk
    Y9                   IBUF (Prop_ibuf_I_O)         1.490     1.490 r  u_clk_ibuf/O
                         net (fo=1, routed)           1.285     2.775    clk_ibuf
    MMCME2_ADV_X0Y0      MMCME2_ADV (Prop_mmcme2_adv_CLKIN1_CLKOUT0)
                                                     -7.343    -4.568 r  u_mmcm_100_to_50/CLKOUT0
                         net (fo=1, routed)           1.855    -2.713    clk_50_unbuf
    BUFGCTRL_X0Y0        BUFG (Prop_bufg_I_O)         0.101    -2.612 r  u_clk_50_buf/O
                         net (fo=4102, routed)        1.729    -0.883    u_mimo_detector_top_seq/u_gs_solver_seq/clk_50
    SLICE_X84Y15         FDCE                                         r  u_mimo_detector_top_seq/u_gs_solver_seq/idx_reg[1]_rep/C
  -------------------------------------------------------------------    -------------------
    SLICE_X84Y15         FDCE (Prop_fdce_C_Q)         0.456    -0.427 f  u_mimo_detector_top_seq/u_gs_solver_seq/idx_reg[1]_rep/Q
                         net (fo=114, routed)         1.048     0.621    u_mimo_detector_top_seq/u_gs_solver_seq/u_signed_divider_seq/x_im_reg[2][0]
    SLICE_X79Y12         LUT2 (Prop_lut2_I0_O)        0.150     0.771 f  u_mimo_detector_top_seq/u_gs_solver_seq/u_signed_divider_seq/idx[1]_i_2/O
                         net (fo=213, routed)         1.514     2.285    u_mimo_detector_top_seq/u_gs_solver_seq/idx_reg[1]_rep_1
    SLICE_X68Y35         LUT6 (Prop_lut6_I3_O)        0.326     2.611 r  u_mimo_detector_top_seq/u_gs_solver_seq/mult_wx_to_acc_return0_i_226/O
                         net (fo=1, routed)           0.446     3.057    u_mimo_detector_top_seq/u_gs_solver_seq/mult_wx_to_acc_return0_i_226_n_0
    SLICE_X67Y35         LUT6 (Prop_lut6_I5_O)        0.124     3.181 r  u_mimo_detector_top_seq/u_gs_solver_seq/mult_wx_to_acc_return0_i_125/O
                         net (fo=1, routed)           0.562     3.743    u_mimo_detector_top_seq/u_gs_solver_seq/mult_wx_to_acc_return0_i_125_n_0
    SLICE_X68Y33         LUT6 (Prop_lut6_I3_O)        0.124     3.867 r  u_mimo_detector_top_seq/u_gs_solver_seq/mult_wx_to_acc_return0_i_46/O
                         net (fo=1, routed)           0.696     4.563    u_mimo_detector_top_seq/u_gs_solver_seq/mult_wx_to_acc_return0_i_46_n_0
    SLICE_X71Y30         LUT6 (Prop_lut6_I0_O)        0.124     4.687 r  u_mimo_detector_top_seq/u_gs_solver_seq/mult_wx_to_acc_return0_i_7/O
                         net (fo=2, routed)           1.566     6.253    u_mimo_detector_top_seq/u_gs_solver_seq/w[10]
    DSP48_X3Y6           DSP48E1 (Prop_dsp48e1_B[10]_P[17])
                                                      3.656     9.909 r  u_mimo_detector_top_seq/u_gs_solver_seq/mult_wx_to_acc_return0/P[17]
                         net (fo=2, routed)           0.973    10.882    u_mimo_detector_top_seq/u_gs_solver_seq/mult_wx_to_acc_return0_n_88
    SLICE_X96Y14         LUT2 (Prop_lut2_I0_O)        0.124    11.006 r  u_mimo_detector_top_seq/u_gs_solver_seq/sum_re[11]_i_20/O
                         net (fo=1, routed)           0.000    11.006    u_mimo_detector_top_seq/u_gs_solver_seq/sum_re[11]_i_20_n_0
    SLICE_X96Y14         CARRY4 (Prop_carry4_S[0]_O[1])
                                                      0.427    11.433 f  u_mimo_detector_top_seq/u_gs_solver_seq/sum_re_reg[11]_i_12/O[1]
                         net (fo=2, routed)           0.739    12.172    u_mimo_detector_top_seq/u_gs_solver_seq/sum_re_reg[11]_i_12_n_6
    SLICE_X98Y15         LUT3 (Prop_lut3_I2_O)        0.335    12.507 r  u_mimo_detector_top_seq/u_gs_solver_seq/sum_re[7]_i_3/O
                         net (fo=2, routed)           0.647    13.154    u_mimo_detector_top_seq/u_gs_solver_seq/sum_re[7]_i_3_n_0
    SLICE_X98Y15         LUT4 (Prop_lut4_I3_O)        0.331    13.485 r  u_mimo_detector_top_seq/u_gs_solver_seq/sum_re[7]_i_7/O
                         net (fo=1, routed)           0.000    13.485    u_mimo_detector_top_seq/u_gs_solver_seq/sum_re[7]_i_7_n_0
    SLICE_X98Y15         CARRY4 (Prop_carry4_S[3]_CO[3])
                                                      0.376    13.861 r  u_mimo_detector_top_seq/u_gs_solver_seq/sum_re_reg[7]_i_2/CO[3]
                         net (fo=1, routed)           0.000    13.861    u_mimo_detector_top_seq/u_gs_solver_seq/sum_re_reg[7]_i_2_n_0
    SLICE_X98Y16         CARRY4 (Prop_carry4_CI_CO[3])
                                                      0.117    13.978 r  u_mimo_detector_top_seq/u_gs_solver_seq/sum_re_reg[11]_i_2/CO[3]
                         net (fo=1, routed)           0.000    13.978    u_mimo_detector_top_seq/u_gs_solver_seq/sum_re_reg[11]_i_2_n_0
    SLICE_X98Y17         CARRY4 (Prop_carry4_CI_CO[3])
                                                      0.117    14.095 r  u_mimo_detector_top_seq/u_gs_solver_seq/sum_re_reg[15]_i_2/CO[3]
                         net (fo=1, routed)           0.000    14.095    u_mimo_detector_top_seq/u_gs_solver_seq/sum_re_reg[15]_i_2_n_0
    SLICE_X98Y18         CARRY4 (Prop_carry4_CI_CO[3])
                                                      0.117    14.212 r  u_mimo_detector_top_seq/u_gs_solver_seq/sum_re_reg[19]_i_2/CO[3]
                         net (fo=1, routed)           0.000    14.212    u_mimo_detector_top_seq/u_gs_solver_seq/sum_re_reg[19]_i_2_n_0
    SLICE_X98Y19         CARRY4 (Prop_carry4_CI_O[1])
                                                      0.323    14.535 r  u_mimo_detector_top_seq/u_gs_solver_seq/sum_re_reg[23]_i_2/O[1]
                         net (fo=1, routed)           1.026    15.561    u_mimo_detector_top_seq/u_gs_solver_seq/sum_re0[21]
    SLICE_X88Y20         LUT2 (Prop_lut2_I1_O)        0.332    15.893 r  u_mimo_detector_top_seq/u_gs_solver_seq/sum_re[21]_i_1/O
                         net (fo=1, routed)           0.000    15.893    u_mimo_detector_top_seq/u_gs_solver_seq/sum_re[21]_i_1_n_0
    SLICE_X88Y20         FDCE                                         r  u_mimo_detector_top_seq/u_gs_solver_seq/sum_re_reg[21]/D
  -------------------------------------------------------------------    -------------------

                         (clock clk_50_unbuf rise edge)
                                                     20.000    20.000 r  
    Y9                                                0.000    20.000 r  clk (IN)
                         net (fo=0)                   0.000    20.000    clk
    Y9                   IBUF (Prop_ibuf_I_O)         1.420    21.420 r  u_clk_ibuf/O
                         net (fo=1, routed)           1.162    22.582    clk_ibuf
    MMCME2_ADV_X0Y0      MMCME2_ADV (Prop_mmcme2_adv_CLKIN1_CLKOUT0)
                                                     -7.438    15.144 r  u_mmcm_100_to_50/CLKOUT0
                         net (fo=1, routed)           1.691    16.835    clk_50_unbuf
    BUFGCTRL_X0Y0        BUFG (Prop_bufg_I_O)         0.091    16.926 r  u_clk_50_buf/O
                         net (fo=4102, routed)        1.549    18.476    u_mimo_detector_top_seq/u_gs_solver_seq/clk_50
    SLICE_X88Y20         FDCE                                         r  u_mimo_detector_top_seq/u_gs_solver_seq/sum_re_reg[21]/C
                         clock pessimism              0.577    19.052    
                         clock uncertainty           -0.082    18.971    
    SLICE_X88Y20         FDCE (Setup_fdce_C_D)        0.075    19.046    u_mimo_detector_top_seq/u_gs_solver_seq/sum_re_reg[21]
  -------------------------------------------------------------------
                         required time                         19.046    
                         arrival time                         -15.893    
  -------------------------------------------------------------------
                         slack                                  3.153    





Min Delay Paths
--------------------------------------------------------------------------------------
Slack (MET) :             0.101ns  (arrival time - required time)
  Source:                 u_mimo_detector_top_seq/u_gram_matrix_seq/acc_re_reg[11]/C
                            (rising edge-triggered cell FDCE clocked by clk_50_unbuf  {rise@0.000ns fall@10.000ns period=20.000ns})
  Destination:            u_mimo_detector_top_seq/u_gram_matrix_seq/G_re_reg[2][0][7]/D
                            (rising edge-triggered cell FDCE clocked by clk_50_unbuf  {rise@0.000ns fall@10.000ns period=20.000ns})
  Path Group:             clk_50_unbuf
  Path Type:              Hold (Min at Fast Process Corner)
  Requirement:            0.000ns  (clk_50_unbuf rise@0.000ns - clk_50_unbuf rise@0.000ns)
  Data Path Delay:        0.374ns  (logic 0.148ns (39.532%)  route 0.226ns (60.468%))
  Logic Levels:           0  
  Clock Path Skew:        0.256ns (DCD - SCD - CPR)
    Destination Clock Delay (DCD):    -0.868ns
    Source Clock Delay      (SCD):    -0.623ns
    Clock Pessimism Removal (CPR):    -0.502ns

    Location             Delay type                Incr(ns)  Path(ns)    Netlist Resource(s)
  -------------------------------------------------------------------    -------------------
                         (clock clk_50_unbuf rise edge)
                                                      0.000     0.000 r  
    Y9                                                0.000     0.000 r  clk (IN)
                         net (fo=0)                   0.000     0.000    clk
    Y9                   IBUF (Prop_ibuf_I_O)         0.258     0.258 r  u_clk_ibuf/O
                         net (fo=1, routed)           0.440     0.698    clk_ibuf
    MMCME2_ADV_X0Y0      MMCME2_ADV (Prop_mmcme2_adv_CLKIN1_CLKOUT0)
                                                     -2.421    -1.722 r  u_mmcm_100_to_50/CLKOUT0
                         net (fo=1, routed)           0.518    -1.204    clk_50_unbuf
    BUFGCTRL_X0Y0        BUFG (Prop_bufg_I_O)         0.026    -1.178 r  u_clk_50_buf/O
                         net (fo=4102, routed)        0.556    -0.623    u_mimo_detector_top_seq/u_gram_matrix_seq/clk_50
    SLICE_X42Y15         FDCE                                         r  u_mimo_detector_top_seq/u_gram_matrix_seq/acc_re_reg[11]/C
  -------------------------------------------------------------------    -------------------
    SLICE_X42Y15         FDCE (Prop_fdce_C_Q)         0.148    -0.475 r  u_mimo_detector_top_seq/u_gram_matrix_seq/acc_re_reg[11]/Q
                         net (fo=18, routed)          0.226    -0.248    u_mimo_detector_top_seq/u_gram_matrix_seq/acc_to_gbw_return[7]
    SLICE_X51Y15         FDCE                                         r  u_mimo_detector_top_seq/u_gram_matrix_seq/G_re_reg[2][0][7]/D
  -------------------------------------------------------------------    -------------------

                         (clock clk_50_unbuf rise edge)
                                                      0.000     0.000 r  
    Y9                                                0.000     0.000 r  clk (IN)
                         net (fo=0)                   0.000     0.000    clk
    Y9                   IBUF (Prop_ibuf_I_O)         0.446     0.446 r  u_clk_ibuf/O
                         net (fo=1, routed)           0.480     0.926    clk_ibuf
    MMCME2_ADV_X0Y0      MMCME2_ADV (Prop_mmcme2_adv_CLKIN1_CLKOUT0)
                                                     -3.204    -2.278 r  u_mmcm_100_to_50/CLKOUT0
                         net (fo=1, routed)           0.564    -1.714    clk_50_unbuf
    BUFGCTRL_X0Y0        BUFG (Prop_bufg_I_O)         0.029    -1.685 r  u_clk_50_buf/O
                         net (fo=4102, routed)        0.817    -0.868    u_mimo_detector_top_seq/u_gram_matrix_seq/clk_50
    SLICE_X51Y15         FDCE                                         r  u_mimo_detector_top_seq/u_gram_matrix_seq/G_re_reg[2][0][7]/C
                         clock pessimism              0.502    -0.366    
    SLICE_X51Y15         FDCE (Hold_fdce_C_D)         0.017    -0.349    u_mimo_detector_top_seq/u_gram_matrix_seq/G_re_reg[2][0][7]
  -------------------------------------------------------------------
                         required time                          0.349    
                         arrival time                          -0.248    
  -------------------------------------------------------------------
                         slack                                  0.101    





Pulse Width Checks
--------------------------------------------------------------------------------------
Clock Name:         clk_50_unbuf
Waveform(ns):       { 0.000 10.000 }
Period(ns):         20.000
Sources:            { u_mmcm_100_to_50/CLKOUT0 }

Check Type        Corner  Lib Pin             Reference Pin  Required(ns)  Actual(ns)  Slack(ns)  Location         Pin
Min Period        n/a     BUFG/I              n/a            2.155         20.000      17.845     BUFGCTRL_X0Y0    u_clk_50_buf/I
Max Period        n/a     MMCME2_ADV/CLKOUT0  n/a            213.360       20.000      193.360    MMCME2_ADV_X0Y0  u_mmcm_100_to_50/CLKOUT0
Low Pulse Width   Slow    FDCE/C              n/a            0.500         10.000      9.500      SLICE_X105Y37    heartbeat_cnt_reg[0]/C
High Pulse Width  Slow    FDCE/C              n/a            0.500         10.000      9.500      SLICE_X105Y37    heartbeat_cnt_reg[0]/C



---------------------------------------------------------------------------------------------------
From Clock:  clk_feedback
  To Clock:  clk_feedback

Setup :           NA  Failing Endpoints,  Worst Slack           NA  ,  Total Violation           NA
Hold  :           NA  Failing Endpoints,  Worst Slack           NA  ,  Total Violation           NA
PW    :            0  Failing Endpoints,  Worst Slack        7.845ns,  Total Violation        0.000ns
---------------------------------------------------------------------------------------------------


Pulse Width Checks
--------------------------------------------------------------------------------------
Clock Name:         clk_feedback
Waveform(ns):       { 0.000 5.000 }
Period(ns):         10.000
Sources:            { u_mmcm_100_to_50/CLKFBOUT }

Check Type  Corner  Lib Pin             Reference Pin  Required(ns)  Actual(ns)  Slack(ns)  Location         Pin
Min Period  n/a     BUFG/I              n/a            2.155         10.000      7.845      BUFGCTRL_X0Y1    u_clk_feedback_buf/I
Max Period  n/a     MMCME2_ADV/CLKFBIN  n/a            100.000       10.000      90.000     MMCME2_ADV_X0Y0  u_mmcm_100_to_50/CLKFBIN



---------------------------------------------------------------------------------------------------
Path Group:  **async_default**
From Clock:  clk_50_unbuf
  To Clock:  clk_50_unbuf

Setup :            0  Failing Endpoints,  Worst Slack       10.068ns,  Total Violation        0.000ns
Hold  :            0  Failing Endpoints,  Worst Slack        0.604ns,  Total Violation        0.000ns
---------------------------------------------------------------------------------------------------


Max Delay Paths
--------------------------------------------------------------------------------------
Slack (MET) :             10.068ns  (required time - arrival time)
  Source:                 rst_sync_reg[2]/C
                            (rising edge-triggered cell FDPE clocked by clk_50_unbuf  {rise@0.000ns fall@10.000ns period=20.000ns})
  Destination:            u_uart_mimo_protocol/H_im_reg[2][3][1]/CLR
                            (recovery check against rising-edge clock clk_50_unbuf  {rise@0.000ns fall@10.000ns period=20.000ns})
  Path Group:             **async_default**
  Path Type:              Recovery (Max at Slow Process Corner)
  Requirement:            20.000ns  (clk_50_unbuf rise@20.000ns - clk_50_unbuf rise@0.000ns)
  Data Path Delay:        9.103ns  (logic 0.419ns (4.603%)  route 8.684ns (95.397%))
  Logic Levels:           0  
  Clock Path Skew:        -0.171ns (DCD - SCD + CPR)
    Destination Clock Delay (DCD):    -1.593ns = ( 18.407 - 20.000 ) 
    Source Clock Delay      (SCD):    -0.947ns
    Clock Pessimism Removal (CPR):    0.476ns
  Clock Uncertainty:      0.082ns  ((TSJ^2 + DJ^2)^1/2) / 2 + PE
    Total System Jitter     (TSJ):    0.071ns
    Discrete Jitter          (DJ):    0.147ns
    Phase Error              (PE):    0.000ns

    Location             Delay type                Incr(ns)  Path(ns)    Netlist Resource(s)
  -------------------------------------------------------------------    -------------------
                         (clock clk_50_unbuf rise edge)
                                                      0.000     0.000 r  
    Y9                                                0.000     0.000 r  clk (IN)
                         net (fo=0)                   0.000     0.000    clk
    Y9                   IBUF (Prop_ibuf_I_O)         1.490     1.490 r  u_clk_ibuf/O
                         net (fo=1, routed)           1.285     2.775    clk_ibuf
    MMCME2_ADV_X0Y0      MMCME2_ADV (Prop_mmcme2_adv_CLKIN1_CLKOUT0)
                                                     -7.343    -4.568 r  u_mmcm_100_to_50/CLKOUT0
                         net (fo=1, routed)           1.855    -2.713    clk_50_unbuf
    BUFGCTRL_X0Y0        BUFG (Prop_bufg_I_O)         0.101    -2.612 r  u_clk_50_buf/O
                         net (fo=4102, routed)        1.665    -0.947    clk_50
    SLICE_X40Y4          FDPE                                         r  rst_sync_reg[2]/C
  -------------------------------------------------------------------    -------------------
    SLICE_X40Y4          FDPE (Prop_fdpe_C_Q)         0.419    -0.528 f  rst_sync_reg[2]/Q
                         net (fo=4099, routed)        8.684     8.156    u_uart_mimo_protocol/out[0]
    SLICE_X51Y1          FDCE                                         f  u_uart_mimo_protocol/H_im_reg[2][3][1]/CLR
  -------------------------------------------------------------------    -------------------

                         (clock clk_50_unbuf rise edge)
                                                     20.000    20.000 r  
    Y9                                                0.000    20.000 r  clk (IN)
                         net (fo=0)                   0.000    20.000    clk
    Y9                   IBUF (Prop_ibuf_I_O)         1.420    21.420 r  u_clk_ibuf/O
                         net (fo=1, routed)           1.162    22.582    clk_ibuf
    MMCME2_ADV_X0Y0      MMCME2_ADV (Prop_mmcme2_adv_CLKIN1_CLKOUT0)
                                                     -7.438    15.144 r  u_mmcm_100_to_50/CLKOUT0
                         net (fo=1, routed)           1.691    16.835    clk_50_unbuf
    BUFGCTRL_X0Y0        BUFG (Prop_bufg_I_O)         0.091    16.926 r  u_clk_50_buf/O
                         net (fo=4102, routed)        1.480    18.407    u_uart_mimo_protocol/clk_50
    SLICE_X51Y1          FDCE                                         r  u_uart_mimo_protocol/H_im_reg[2][3][1]/C
                         clock pessimism              0.476    18.883    
                         clock uncertainty           -0.082    18.801    
    SLICE_X51Y1          FDCE (Recov_fdce_C_CLR)     -0.577    18.224    u_uart_mimo_protocol/H_im_reg[2][3][1]
  -------------------------------------------------------------------
                         required time                         18.224    
                         arrival time                          -8.156    
  -------------------------------------------------------------------
                         slack                                 10.068    





Min Delay Paths
--------------------------------------------------------------------------------------
Slack (MET) :             0.604ns  (arrival time - required time)
  Source:                 rst_sync_reg[2]/C
                            (rising edge-triggered cell FDPE clocked by clk_50_unbuf  {rise@0.000ns fall@10.000ns period=20.000ns})
  Destination:            u_uart_mimo_protocol/H_re_reg[0][3][4]/CLR
                            (removal check against rising-edge clock clk_50_unbuf  {rise@0.000ns fall@10.000ns period=20.000ns})
  Path Group:             **async_default**
  Path Type:              Removal (Min at Fast Process Corner)
  Requirement:            0.000ns  (clk_50_unbuf rise@0.000ns - clk_50_unbuf rise@0.000ns)
  Data Path Delay:        0.747ns  (logic 0.128ns (17.124%)  route 0.619ns (82.876%))
  Logic Levels:           0  
  Clock Path Skew:        0.288ns (DCD - SCD - CPR)
    Destination Clock Delay (DCD):    -0.832ns
    Source Clock Delay      (SCD):    -0.619ns
    Clock Pessimism Removal (CPR):    -0.502ns

    Location             Delay type                Incr(ns)  Path(ns)    Netlist Resource(s)
  -------------------------------------------------------------------    -------------------
                         (clock clk_50_unbuf rise edge)
                                                      0.000     0.000 r  
    Y9                                                0.000     0.000 r  clk (IN)
                         net (fo=0)                   0.000     0.000    clk
    Y9                   IBUF (Prop_ibuf_I_O)         0.258     0.258 r  u_clk_ibuf/O
                         net (fo=1, routed)           0.440     0.698    clk_ibuf
    MMCME2_ADV_X0Y0      MMCME2_ADV (Prop_mmcme2_adv_CLKIN1_CLKOUT0)
                                                     -2.421    -1.722 r  u_mmcm_100_to_50/CLKOUT0
                         net (fo=1, routed)           0.518    -1.204    clk_50_unbuf
    BUFGCTRL_X0Y0        BUFG (Prop_bufg_I_O)         0.026    -1.178 r  u_clk_50_buf/O
                         net (fo=4102, routed)        0.560    -0.619    clk_50
    SLICE_X40Y4          FDPE                                         r  rst_sync_reg[2]/C
  -------------------------------------------------------------------    -------------------
    SLICE_X40Y4          FDPE (Prop_fdpe_C_Q)         0.128    -0.491 f  rst_sync_reg[2]/Q
                         net (fo=4099, routed)        0.619     0.129    u_uart_mimo_protocol/out[0]
    SLICE_X73Y4          FDCE                                         f  u_uart_mimo_protocol/H_re_reg[0][3][4]/CLR
  -------------------------------------------------------------------    -------------------

                         (clock clk_50_unbuf rise edge)
                                                      0.000     0.000 r  
    Y9                                                0.000     0.000 r  clk (IN)
                         net (fo=0)                   0.000     0.000    clk
    Y9                   IBUF (Prop_ibuf_I_O)         0.446     0.446 r  u_clk_ibuf/O
                         net (fo=1, routed)           0.480     0.926    clk_ibuf
    MMCME2_ADV_X0Y0      MMCME2_ADV (Prop_mmcme2_adv_CLKIN1_CLKOUT0)
                                                     -3.204    -2.278 r  u_mmcm_100_to_50/CLKOUT0
                         net (fo=1, routed)           0.564    -1.714    clk_50_unbuf
    BUFGCTRL_X0Y0        BUFG (Prop_bufg_I_O)         0.029    -1.685 r  u_clk_50_buf/O
                         net (fo=4102, routed)        0.853    -0.832    u_uart_mimo_protocol/clk_50
    SLICE_X73Y4          FDCE                                         r  u_uart_mimo_protocol/H_re_reg[0][3][4]/C
                         clock pessimism              0.502    -0.330    
    SLICE_X73Y4          FDCE (Remov_fdce_C_CLR)     -0.145    -0.475    u_uart_mimo_protocol/H_re_reg[0][3][4]
  -------------------------------------------------------------------
                         required time                          0.475    
                         arrival time                           0.129    
  -------------------------------------------------------------------
                         slack                                  0.604    





