Copyright 1986-2022 Xilinx, Inc. All Rights Reserved. Copyright 2022-2025 Advanced Micro Devices, Inc. All Rights Reserved.
---------------------------------------------------------------------------------------------------------------------------------------------
| Tool Version : Vivado v.2025.2 (win64) Build 6299465 Fri Nov 14 19:35:11 GMT 2025
| Date         : Thu Jun 11 00:47:17 2026
| Host         : Nevgi running 64-bit major release  (build 9200)
| Command      : report_timing_summary -file C:/fpga_projects/adaptive-gs-mimo-detector/results/phase8_impl_seq/clk_20p000ns/timing_impl.rpt
| Design       : mimo_detector_top_seq_impl_wrapper
| Device       : 7a35t-cpg236
| Speed File   : -1  PRODUCTION 1.23 2018-06-13
| Design State : Routed
---------------------------------------------------------------------------------------------------------------------------------------------

Timing Summary Report

------------------------------------------------------------------------------------------------
| Timer Settings
| --------------
------------------------------------------------------------------------------------------------

  Enable Multi Corner Analysis               :  Yes
  Enable Pessimism Removal                   :  Yes
  Pessimism Removal Resolution               :  Nearest Common Node
  Enable Input Delay Default Clock           :  No
  Enable Preset / Clear Arcs                 :  No
  Disable Flight Delays                      :  No
  Ignore I/O Paths                           :  No
  Timing Early Launch at Borrowing Latches   :  No
  Borrow Time for Max Delay Exceptions       :  Yes
  Merge Timing Exceptions                    :  Yes
  Inter-SLR Compensation                     :  Conservative

  Corner  Analyze    Analyze    
  Name    Max Paths  Min Paths  
  ------  ---------  ---------  
  Slow    Yes        Yes        
  Fast    Yes        Yes        


------------------------------------------------------------------------------------------------
| Report Methodology
| ------------------
------------------------------------------------------------------------------------------------

No report available as report_methodology has not been run prior. Run report_methodology on the current design for the summary of methodology violations.



check_timing report

Table of Contents
-----------------
1. checking no_clock (0)
2. checking constant_clock (0)
3. checking pulse_width_clock (0)
4. checking unconstrained_internal_endpoints (0)
5. checking no_input_delay (29)
6. checking no_output_delay (27)
7. checking multiple_clock (0)
8. checking generated_clocks (0)
9. checking loops (0)
10. checking partial_input_delay (0)
11. checking partial_output_delay (0)
12. checking latch_loops (0)

1. checking no_clock (0)
------------------------
 There are 0 register/latch pins with no clock.


2. checking constant_clock (0)
------------------------------
 There are 0 register/latch pins with constant_clock.


3. checking pulse_width_clock (0)
---------------------------------
 There are 0 register/latch pins which need pulse_width check


4. checking unconstrained_internal_endpoints (0)
------------------------------------------------
 There are 0 pins that are not constrained for maximum delay.

 There are 0 pins that are not constrained for maximum delay due to constant clock.


5. checking no_input_delay (29)
-------------------------------
 There are 29 input ports with no input delay specified. (HIGH)

 There are 0 input ports with no input delay but user has a false path constraint.


6. checking no_output_delay (27)
--------------------------------
 There are 27 ports with no output delay specified. (HIGH)

 There are 0 ports with no output delay but user has a false path constraint

 There are 0 ports with no output delay but with a timing clock defined on it or propagating through it


7. checking multiple_clock (0)
------------------------------
 There are 0 register/latch pins with multiple clocks.


8. checking generated_clocks (0)
--------------------------------
 There are 0 generated clocks that are not connected to a clock source.


9. checking loops (0)
---------------------
 There are 0 combinational loops in the design.


10. checking partial_input_delay (0)
------------------------------------
 There are 0 input ports with partial input delay specified.


11. checking partial_output_delay (0)
-------------------------------------
 There are 0 ports with partial output delay specified.


12. checking latch_loops (0)
----------------------------
 There are 0 combinational latch loops in the design through latch input



------------------------------------------------------------------------------------------------
| Design Timing Summary
| ---------------------
------------------------------------------------------------------------------------------------

    WNS(ns)      TNS(ns)  TNS Failing Endpoints  TNS Total Endpoints      WHS(ns)      THS(ns)  THS Failing Endpoints  THS Total Endpoints     WPWS(ns)     TPWS(ns)  TPWS Failing Endpoints  TPWS Total Endpoints  
    -------      -------  ---------------------  -------------------      -------      -------  ---------------------  -------------------     --------     --------  ----------------------  --------------------  
      2.391        0.000                      0                 4454        0.132        0.000                      0                 4454        9.500        0.000                       0                  2955  


All user specified timing constraints are met.


------------------------------------------------------------------------------------------------
| Clock Summary
| -------------
------------------------------------------------------------------------------------------------

Clock  Waveform(ns)       Period(ns)      Frequency(MHz)
-----  ------------       ----------      --------------
clk    {0.000 10.000}     20.000          50.000          


------------------------------------------------------------------------------------------------
| Intra Clock Table
| -----------------
------------------------------------------------------------------------------------------------

Clock             WNS(ns)      TNS(ns)  TNS Failing Endpoints  TNS Total Endpoints      WHS(ns)      THS(ns)  THS Failing Endpoints  THS Total Endpoints     WPWS(ns)     TPWS(ns)  TPWS Failing Endpoints  TPWS Total Endpoints  
-----             -------      -------  ---------------------  -------------------      -------      -------  ---------------------  -------------------     --------     --------  ----------------------  --------------------  
clk                 2.391        0.000                      0                 4454        0.132        0.000                      0                 4454        9.500        0.000                       0                  2955  


------------------------------------------------------------------------------------------------
| Inter Clock Table
| -----------------
------------------------------------------------------------------------------------------------

From Clock    To Clock          WNS(ns)      TNS(ns)  TNS Failing Endpoints  TNS Total Endpoints      WHS(ns)      THS(ns)  THS Failing Endpoints  THS Total Endpoints  
----------    --------          -------      -------  ---------------------  -------------------      -------      -------  ---------------------  -------------------  


------------------------------------------------------------------------------------------------
| Other Path Groups Table
| -----------------------
------------------------------------------------------------------------------------------------

Path Group    From Clock    To Clock          WNS(ns)      TNS(ns)  TNS Failing Endpoints  TNS Total Endpoints      WHS(ns)      THS(ns)  THS Failing Endpoints  THS Total Endpoints  
----------    ----------    --------          -------      -------  ---------------------  -------------------      -------      -------  ---------------------  -------------------  


------------------------------------------------------------------------------------------------
| Timing Details
| --------------
------------------------------------------------------------------------------------------------


---------------------------------------------------------------------------------------------------
From Clock:  clk
  To Clock:  clk

Setup :            0  Failing Endpoints,  Worst Slack        2.391ns,  Total Violation        0.000ns
Hold  :            0  Failing Endpoints,  Worst Slack        0.132ns,  Total Violation        0.000ns
PW    :            0  Failing Endpoints,  Worst Slack        9.500ns,  Total Violation        0.000ns
---------------------------------------------------------------------------------------------------


Max Delay Paths
--------------------------------------------------------------------------------------
Slack (MET) :             2.391ns  (required time - arrival time)
  Source:                 u_mimo_detector_top_seq/u_gs_solver_seq/idx_reg[0]_rep/C
                            (rising edge-triggered cell FDCE clocked by clk  {rise@0.000ns fall@10.000ns period=20.000ns})
  Destination:            u_mimo_detector_top_seq/u_gs_solver_seq/sum_re_reg[21]/D
                            (rising edge-triggered cell FDCE clocked by clk  {rise@0.000ns fall@10.000ns period=20.000ns})
  Path Group:             clk
  Path Type:              Setup (Max at Slow Process Corner)
  Requirement:            20.000ns  (clk rise@20.000ns - clk rise@0.000ns)
  Data Path Delay:        17.665ns  (logic 7.745ns (43.843%)  route 9.920ns (56.157%))
  Logic Levels:           15  (CARRY4=5 DSP48E1=1 LUT2=3 LUT3=1 LUT4=1 LUT6=4)
  Clock Path Skew:        -0.026ns (DCD - SCD + CPR)
    Destination Clock Delay (DCD):    4.211ns = ( 24.211 - 20.000 ) 
    Source Clock Delay      (SCD):    4.559ns
    Clock Pessimism Removal (CPR):    0.322ns
  Clock Uncertainty:      0.035ns  ((TSJ^2 + TIJ^2)^1/2 + DJ) / 2 + PE
    Total System Jitter     (TSJ):    0.071ns
    Total Input Jitter      (TIJ):    0.000ns
    Discrete Jitter          (DJ):    0.000ns
    Phase Error              (PE):    0.000ns

    Location             Delay type                Incr(ns)  Path(ns)    Netlist Resource(s)
  -------------------------------------------------------------------    -------------------
                         (clock clk rise edge)        0.000     0.000 r  
    M18                                               0.000     0.000 r  clk (IN)
                         net (fo=0)                   0.000     0.000    clk
    M18                  IBUF (Prop_ibuf_I_O)         0.938     0.938 r  clk_IBUF_inst/O
                         net (fo=1, routed)           1.972     2.910    clk_IBUF
    BUFGCTRL_X0Y0        BUFG (Prop_bufg_I_O)         0.096     3.006 r  clk_IBUF_BUFG_inst/O
                         net (fo=2954, routed)        1.553     4.559    u_mimo_detector_top_seq/u_gs_solver_seq/clk_IBUF_BUFG
    SLICE_X39Y19         FDCE                                         r  u_mimo_detector_top_seq/u_gs_solver_seq/idx_reg[0]_rep/C
  -------------------------------------------------------------------    -------------------
    SLICE_X39Y19         FDCE (Prop_fdce_C_Q)         0.456     5.015 r  u_mimo_detector_top_seq/u_gs_solver_seq/idx_reg[0]_rep/Q
                         net (fo=112, routed)         1.156     6.171    u_mimo_detector_top_seq/u_gs_solver_seq/idx_reg[0]_rep_0
    SLICE_X39Y10         LUT2 (Prop_lut2_I1_O)        0.153     6.324 f  u_mimo_detector_top_seq/u_gs_solver_seq/x_re[1][21]_i_2/O
                         net (fo=154, routed)         1.920     8.244    u_mimo_detector_top_seq/u_gs_solver_seq/x_re[1][21]_i_2_n_0
    SLICE_X12Y26         LUT6 (Prop_lut6_I1_O)        0.327     8.571 r  u_mimo_detector_top_seq/u_gs_solver_seq/mult_wx_to_acc_return0_i_234/O
                         net (fo=1, routed)           0.466     9.037    u_mimo_detector_top_seq/u_gs_solver_seq/mult_wx_to_acc_return0_i_234_n_0
    SLICE_X12Y26         LUT6 (Prop_lut6_I5_O)        0.124     9.161 r  u_mimo_detector_top_seq/u_gs_solver_seq/mult_wx_to_acc_return0_i_90/O
                         net (fo=1, routed)           0.460     9.621    u_mimo_detector_top_seq/u_gs_solver_seq/mult_wx_to_acc_return0_i_90_n_0
    SLICE_X11Y25         LUT6 (Prop_lut6_I3_O)        0.124     9.745 r  u_mimo_detector_top_seq/u_gs_solver_seq/mult_wx_to_acc_return0_i_40/O
                         net (fo=1, routed)           0.745    10.490    u_mimo_detector_top_seq/u_gs_solver_seq/mult_wx_to_acc_return0_i_40_n_0
    SLICE_X14Y15         LUT6 (Prop_lut6_I0_O)        0.124    10.614 r  u_mimo_detector_top_seq/u_gs_solver_seq/mult_wx_to_acc_return0_i_1/O
                         net (fo=2, routed)           1.750    12.364    u_mimo_detector_top_seq/u_gs_solver_seq/w[16]
    DSP48_X1Y5           DSP48E1 (Prop_dsp48e1_B[16]_P[18])
                                                      3.656    16.020 r  u_mimo_detector_top_seq/u_gs_solver_seq/mult_wx_to_acc_return0/P[18]
                         net (fo=2, routed)           0.930    16.950    u_mimo_detector_top_seq/u_gs_solver_seq/mult_wx_to_acc_return0_n_87
    SLICE_X54Y12         LUT2 (Prop_lut2_I0_O)        0.124    17.074 r  u_mimo_detector_top_seq/u_gs_solver_seq/sum_re[11]_i_19/O
                         net (fo=1, routed)           0.000    17.074    u_mimo_detector_top_seq/u_gs_solver_seq/sum_re[11]_i_19_n_0
    SLICE_X54Y12         CARRY4 (Prop_carry4_S[1]_O[2])
                                                      0.578    17.652 f  u_mimo_detector_top_seq/u_gs_solver_seq/sum_re_reg[11]_i_12/O[2]
                         net (fo=2, routed)           0.890    18.542    u_mimo_detector_top_seq/u_gs_solver_seq/sum_re_reg[11]_i_12_n_5
    SLICE_X49Y11         LUT3 (Prop_lut3_I2_O)        0.326    18.868 r  u_mimo_detector_top_seq/u_gs_solver_seq/sum_re[11]_i_6/O
                         net (fo=2, routed)           0.645    19.514    u_mimo_detector_top_seq/u_gs_solver_seq/sum_re[11]_i_6_n_0
    SLICE_X49Y12         LUT4 (Prop_lut4_I3_O)        0.332    19.846 r  u_mimo_detector_top_seq/u_gs_solver_seq/sum_re[11]_i_10/O
                         net (fo=1, routed)           0.000    19.846    u_mimo_detector_top_seq/u_gs_solver_seq/sum_re[11]_i_10_n_0
    SLICE_X49Y12         CARRY4 (Prop_carry4_S[0]_CO[3])
                                                      0.532    20.378 r  u_mimo_detector_top_seq/u_gs_solver_seq/sum_re_reg[11]_i_2/CO[3]
                         net (fo=1, routed)           0.000    20.378    u_mimo_detector_top_seq/u_gs_solver_seq/sum_re_reg[11]_i_2_n_0
    SLICE_X49Y13         CARRY4 (Prop_carry4_CI_CO[3])
                                                      0.114    20.492 r  u_mimo_detector_top_seq/u_gs_solver_seq/sum_re_reg[15]_i_2/CO[3]
                         net (fo=1, routed)           0.000    20.492    u_mimo_detector_top_seq/u_gs_solver_seq/sum_re_reg[15]_i_2_n_0
    SLICE_X49Y14         CARRY4 (Prop_carry4_CI_CO[3])
                                                      0.114    20.606 r  u_mimo_detector_top_seq/u_gs_solver_seq/sum_re_reg[19]_i_2/CO[3]
                         net (fo=1, routed)           0.000    20.606    u_mimo_detector_top_seq/u_gs_solver_seq/sum_re_reg[19]_i_2_n_0
    SLICE_X49Y15         CARRY4 (Prop_carry4_CI_O[1])
                                                      0.334    20.940 r  u_mimo_detector_top_seq/u_gs_solver_seq/sum_re_reg[23]_i_2/O[1]
                         net (fo=1, routed)           0.958    21.897    u_mimo_detector_top_seq/u_gs_solver_seq/sum_re0[21]
    SLICE_X50Y13         LUT2 (Prop_lut2_I1_O)        0.327    22.224 r  u_mimo_detector_top_seq/u_gs_solver_seq/sum_re[21]_i_1/O
                         net (fo=1, routed)           0.000    22.224    u_mimo_detector_top_seq/u_gs_solver_seq/sum_re[21]_i_1_n_0
    SLICE_X50Y13         FDCE                                         r  u_mimo_detector_top_seq/u_gs_solver_seq/sum_re_reg[21]/D
  -------------------------------------------------------------------    -------------------

                         (clock clk rise edge)       20.000    20.000 r  
    M18                                               0.000    20.000 r  clk (IN)
                         net (fo=0)                   0.000    20.000    clk
    M18                  IBUF (Prop_ibuf_I_O)         0.805    20.805 r  clk_IBUF_inst/O
                         net (fo=1, routed)           1.868    22.673    clk_IBUF
    BUFGCTRL_X0Y0        BUFG (Prop_bufg_I_O)         0.091    22.764 r  clk_IBUF_BUFG_inst/O
                         net (fo=2954, routed)        1.447    24.211    u_mimo_detector_top_seq/u_gs_solver_seq/clk_IBUF_BUFG
    SLICE_X50Y13         FDCE                                         r  u_mimo_detector_top_seq/u_gs_solver_seq/sum_re_reg[21]/C
                         clock pessimism              0.322    24.533    
                         clock uncertainty           -0.035    24.498    
    SLICE_X50Y13         FDCE (Setup_fdce_C_D)        0.118    24.616    u_mimo_detector_top_seq/u_gs_solver_seq/sum_re_reg[21]
  -------------------------------------------------------------------
                         required time                         24.616    
                         arrival time                         -22.224    
  -------------------------------------------------------------------
                         slack                                  2.391    





Min Delay Paths
--------------------------------------------------------------------------------------
Slack (MET) :             0.132ns  (arrival time - required time)
  Source:                 u_mimo_detector_top_seq/u_gs_solver_seq/u_signed_divider_seq/quotient_abs_reg[0]/C
                            (rising edge-triggered cell FDCE clocked by clk  {rise@0.000ns fall@10.000ns period=20.000ns})
  Destination:            u_mimo_detector_top_seq/u_gs_solver_seq/u_signed_divider_seq/quotient_reg[0]/D
                            (rising edge-triggered cell FDCE clocked by clk  {rise@0.000ns fall@10.000ns period=20.000ns})
  Path Group:             clk
  Path Type:              Hold (Min at Fast Process Corner)
  Requirement:            0.000ns  (clk rise@0.000ns - clk rise@0.000ns)
  Data Path Delay:        0.484ns  (logic 0.209ns (43.159%)  route 0.275ns (56.841%))
  Logic Levels:           1  (LUT6=1)
  Clock Path Skew:        0.260ns (DCD - SCD - CPR)
    Destination Clock Delay (DCD):    1.890ns
    Source Clock Delay      (SCD):    1.379ns
    Clock Pessimism Removal (CPR):    0.251ns

    Location             Delay type                Incr(ns)  Path(ns)    Netlist Resource(s)
  -------------------------------------------------------------------    -------------------
                         (clock clk rise edge)        0.000     0.000 r  
    M18                                               0.000     0.000 r  clk (IN)
                         net (fo=0)                   0.000     0.000    clk
    M18                  IBUF (Prop_ibuf_I_O)         0.167     0.167 r  clk_IBUF_inst/O
                         net (fo=1, routed)           0.634     0.801    clk_IBUF
    BUFGCTRL_X0Y0        BUFG (Prop_bufg_I_O)         0.026     0.827 r  clk_IBUF_BUFG_inst/O
                         net (fo=2954, routed)        0.552     1.379    u_mimo_detector_top_seq/u_gs_solver_seq/u_signed_divider_seq/clk_IBUF_BUFG
    SLICE_X34Y28         FDCE                                         r  u_mimo_detector_top_seq/u_gs_solver_seq/u_signed_divider_seq/quotient_abs_reg[0]/C
  -------------------------------------------------------------------    -------------------
    SLICE_X34Y28         FDCE (Prop_fdce_C_Q)         0.164     1.543 r  u_mimo_detector_top_seq/u_gs_solver_seq/u_signed_divider_seq/quotient_abs_reg[0]/Q
                         net (fo=3, routed)           0.275     1.818    u_mimo_detector_top_seq/u_gs_solver_seq/u_signed_divider_seq/quotient_abs[0]
    SLICE_X36Y26         LUT6 (Prop_lut6_I1_O)        0.045     1.863 r  u_mimo_detector_top_seq/u_gs_solver_seq/u_signed_divider_seq/quotient[0]_i_1/O
                         net (fo=1, routed)           0.000     1.863    u_mimo_detector_top_seq/u_gs_solver_seq/u_signed_divider_seq/quotient[0]_i_1_n_0
    SLICE_X36Y26         FDCE                                         r  u_mimo_detector_top_seq/u_gs_solver_seq/u_signed_divider_seq/quotient_reg[0]/D
  -------------------------------------------------------------------    -------------------

                         (clock clk rise edge)        0.000     0.000 r  
    M18                                               0.000     0.000 r  clk (IN)
                         net (fo=0)                   0.000     0.000    clk
    M18                  IBUF (Prop_ibuf_I_O)         0.356     0.356 r  clk_IBUF_inst/O
                         net (fo=1, routed)           0.689     1.044    clk_IBUF
    BUFGCTRL_X0Y0        BUFG (Prop_bufg_I_O)         0.029     1.073 r  clk_IBUF_BUFG_inst/O
                         net (fo=2954, routed)        0.817     1.890    u_mimo_detector_top_seq/u_gs_solver_seq/u_signed_divider_seq/clk_IBUF_BUFG
    SLICE_X36Y26         FDCE                                         r  u_mimo_detector_top_seq/u_gs_solver_seq/u_signed_divider_seq/quotient_reg[0]/C
                         clock pessimism             -0.251     1.639    
    SLICE_X36Y26         FDCE (Hold_fdce_C_D)         0.092     1.731    u_mimo_detector_top_seq/u_gs_solver_seq/u_signed_divider_seq/quotient_reg[0]
  -------------------------------------------------------------------
                         required time                         -1.731    
                         arrival time                           1.863    
  -------------------------------------------------------------------
                         slack                                  0.132    





Pulse Width Checks
--------------------------------------------------------------------------------------
Clock Name:         clk
Waveform(ns):       { 0.000 10.000 }
Period(ns):         20.000
Sources:            { clk }

Check Type        Corner  Lib Pin  Reference Pin  Required(ns)  Actual(ns)  Slack(ns)  Location       Pin
Min Period        n/a     BUFG/I   n/a            2.155         20.000      17.845     BUFGCTRL_X0Y0  clk_IBUF_BUFG_inst/I
Low Pulse Width   Slow    FDCE/C   n/a            0.500         10.000      9.500      SLICE_X12Y0    H_im_reg[0][0][0]/C
High Pulse Width  Slow    FDCE/C   n/a            0.500         10.000      9.500      SLICE_X12Y0    H_im_reg[0][0][0]/C



